Archive member included to satisfy reference by file (symbol)

/home/sebastian/miniconda2/envs/Darkhorse/bin/../lib/gcc/arm-none-eabi/6.3.1/../../../../arm-none-eabi/lib/thumb/v7e-m/fpv4-sp/hard/libc_nano.a(lib_a-exit.o)
                              /home/sebastian/miniconda2/envs/Darkhorse/bin/../lib/gcc/arm-none-eabi/6.3.1/../../../../arm-none-eabi/lib/thumb/v7e-m/fpv4-sp/hard/crt0.o (exit)
/home/sebastian/miniconda2/envs/Darkhorse/bin/../lib/gcc/arm-none-eabi/6.3.1/../../../../arm-none-eabi/lib/thumb/v7e-m/fpv4-sp/hard/libc_nano.a(lib_a-impure.o)
                              /home/sebastian/miniconda2/envs/Darkhorse/bin/../lib/gcc/arm-none-eabi/6.3.1/../../../../arm-none-eabi/lib/thumb/v7e-m/fpv4-sp/hard/libc_nano.a(lib_a-exit.o) (_global_impure_ptr)
/home/sebastian/miniconda2/envs/Darkhorse/bin/../lib/gcc/arm-none-eabi/6.3.1/../../../../arm-none-eabi/lib/thumb/v7e-m/fpv4-sp/hard/libc_nano.a(lib_a-init.o)
                              /home/sebastian/miniconda2/envs/Darkhorse/bin/../lib/gcc/arm-none-eabi/6.3.1/../../../../arm-none-eabi/lib/thumb/v7e-m/fpv4-sp/hard/crt0.o (__libc_init_array)
/home/sebastian/miniconda2/envs/Darkhorse/bin/../lib/gcc/arm-none-eabi/6.3.1/../../../../arm-none-eabi/lib/thumb/v7e-m/fpv4-sp/hard/libc_nano.a(lib_a-locale.o)
                              _build/nrf52832_xxaa/nrf_log_str_formatter.c.o (__locale_ctype_ptr)
/home/sebastian/miniconda2/envs/Darkhorse/bin/../lib/gcc/arm-none-eabi/6.3.1/../../../../arm-none-eabi/lib/thumb/v7e-m/fpv4-sp/hard/libc_nano.a(lib_a-mbtowc_r.o)
                              /home/sebastian/miniconda2/envs/Darkhorse/bin/../lib/gcc/arm-none-eabi/6.3.1/../../../../arm-none-eabi/lib/thumb/v7e-m/fpv4-sp/hard/libc_nano.a(lib_a-locale.o) (__ascii_mbtowc)
/home/sebastian/miniconda2/envs/Darkhorse/bin/../lib/gcc/arm-none-eabi/6.3.1/../../../../arm-none-eabi/lib/thumb/v7e-m/fpv4-sp/hard/libc_nano.a(lib_a-memcmp.o)
                              _build/nrf52832_xxaa/ble_advdata.c.o (memcmp)
/home/sebastian/miniconda2/envs/Darkhorse/bin/../lib/gcc/arm-none-eabi/6.3.1/../../../../arm-none-eabi/lib/thumb/v7e-m/fpv4-sp/hard/libc_nano.a(lib_a-memcpy-stub.o)
                              _build/nrf52832_xxaa/nrf_log_frontend.c.o (memcpy)
/home/sebastian/miniconda2/envs/Darkhorse/bin/../lib/gcc/arm-none-eabi/6.3.1/../../../../arm-none-eabi/lib/thumb/v7e-m/fpv4-sp/hard/libc_nano.a(lib_a-memset.o)
                              /home/sebastian/miniconda2/envs/Darkhorse/bin/../lib/gcc/arm-none-eabi/6.3.1/../../../../arm-none-eabi/lib/thumb/v7e-m/fpv4-sp/hard/crt0.o (memset)
/home/sebastian/miniconda2/envs/Darkhorse/bin/../lib/gcc/arm-none-eabi/6.3.1/../../../../arm-none-eabi/lib/thumb/v7e-m/fpv4-sp/hard/libc_nano.a(lib_a-strcmp.o)
                              /home/sebastian/miniconda2/envs/Darkhorse/bin/../lib/gcc/arm-none-eabi/6.3.1/../../../../arm-none-eabi/lib/thumb/v7e-m/fpv4-sp/hard/libc_nano.a(lib_a-locale.o) (strcmp)
/home/sebastian/miniconda2/envs/Darkhorse/bin/../lib/gcc/arm-none-eabi/6.3.1/../../../../arm-none-eabi/lib/thumb/v7e-m/fpv4-sp/hard/libc_nano.a(lib_a-strcpy.o)
                              _build/nrf52832_xxaa/SEGGER_RTT.c.o (strcpy)
/home/sebastian/miniconda2/envs/Darkhorse/bin/../lib/gcc/arm-none-eabi/6.3.1/../../../../arm-none-eabi/lib/thumb/v7e-m/fpv4-sp/hard/libc_nano.a(lib_a-strlen.o)
                              _build/nrf52832_xxaa/nrf_log_frontend.c.o (strlen)
/home/sebastian/miniconda2/envs/Darkhorse/bin/../lib/gcc/arm-none-eabi/6.3.1/../../../../arm-none-eabi/lib/thumb/v7e-m/fpv4-sp/hard/libc_nano.a(lib_a-wctomb_r.o)
                              /home/sebastian/miniconda2/envs/Darkhorse/bin/../lib/gcc/arm-none-eabi/6.3.1/../../../../arm-none-eabi/lib/thumb/v7e-m/fpv4-sp/hard/libc_nano.a(lib_a-locale.o) (__ascii_wctomb)
/home/sebastian/miniconda2/envs/Darkhorse/bin/../lib/gcc/arm-none-eabi/6.3.1/../../../../arm-none-eabi/lib/thumb/v7e-m/fpv4-sp/hard/libc_nano.a(lib_a-ctype_.o)
                              /home/sebastian/miniconda2/envs/Darkhorse/bin/../lib/gcc/arm-none-eabi/6.3.1/../../../../arm-none-eabi/lib/thumb/v7e-m/fpv4-sp/hard/libc_nano.a(lib_a-locale.o) (_ctype_)
/home/sebastian/miniconda2/envs/Darkhorse/bin/../lib/gcc/arm-none-eabi/6.3.1/../../../../arm-none-eabi/lib/thumb/v7e-m/fpv4-sp/hard/libnosys.a(_exit.o)
                              /home/sebastian/miniconda2/envs/Darkhorse/bin/../lib/gcc/arm-none-eabi/6.3.1/../../../../arm-none-eabi/lib/thumb/v7e-m/fpv4-sp/hard/libc_nano.a(lib_a-exit.o) (_exit)
/home/sebastian/miniconda2/envs/Darkhorse/bin/../lib/gcc/arm-none-eabi/6.3.1/thumb/v7e-m/fpv4-sp/hard/libgcc.a(_aeabi_uldivmod.o)
                              _build/nrf52832_xxaa/bsp.c.o (__aeabi_uldivmod)
/home/sebastian/miniconda2/envs/Darkhorse/bin/../lib/gcc/arm-none-eabi/6.3.1/thumb/v7e-m/fpv4-sp/hard/libgcc.a(_udivmoddi4.o)
                              /home/sebastian/miniconda2/envs/Darkhorse/bin/../lib/gcc/arm-none-eabi/6.3.1/thumb/v7e-m/fpv4-sp/hard/libgcc.a(_aeabi_uldivmod.o) (__udivmoddi4)
[...]
Memory Configuration

Name             Origin             Length             Attributes
FLASH            0x0000000000026000 0x000000000005a000 xr
RAM              0x0000000020002218 0x000000000000dde8 xrw
*default*        0x0000000000000000 0xffffffffffffffff

Linker script and memory map


.text           0x0000000000026000     0xf5dc
 *(.isr_vector)
 .isr_vector    0x0000000000026000      0x200 _build/nrf52832_xxaa/gcc_startup_nrf52.S.o
                0x0000000000026000                __isr_vector
 *(.text*)
 .text          0x0000000000026200       0x6c /home/sebastian/miniconda2/envs/Darkhorse/bin/../lib/gcc/arm-none-eabi/6.3.1/thumb/v7e-m/fpv4-sp/hard/crtbegin.o
 .text          0x000000000002626c       0x74 /home/sebastian/miniconda2/envs/Darkhorse/bin/../lib/gcc/arm-none-eabi/6.3.1/../../../../arm-none-eabi/lib/thumb/v7e-m/fpv4-sp/hard/crt0.o
                0x000000000002626c                _mainCRTStartup
                0x000000000002626c                _start
 .text          0x00000000000262e0       0x3c _build/nrf52832_xxaa/gcc_startup_nrf52.S.o
                0x00000000000262e0                Reset_Handler
                0x0000000000026308                NMI_Handler
                0x000000000002630a                HardFault_Handler
                0x000000000002630c                MemoryManagement_Handler
                0x000000000002630e                BusFault_Handler
                0x0000000000026310                UsageFault_Handler
                0x0000000000026312                SVC_Handler
                0x0000000000026314                DebugMon_Handler
                0x0000000000026316                PendSV_Handler
                0x0000000000026318                SysTick_Handler
                0x000000000002631a                TIMER2_IRQHandler
                0x000000000002631a                RTC0_IRQHandler
                0x000000000002631a                PWM1_IRQHandler
                0x000000000002631a                RADIO_IRQHandler
                0x000000000002631a                PDM_IRQHandler
                0x000000000002631a                TEMP_IRQHandler
                0x000000000002631a                QDEC_IRQHandler
                0x000000000002631a                TIMER3_IRQHandler
                0x000000000002631a                FPU_IRQHandler
                0x000000000002631a                SPIM0_SPIS0_TWIM0_TWIS0_SPI0_TWI0_IRQHandler
                0x000000000002631a                TIMER4_IRQHandler
                0x000000000002631a                I2S_IRQHandler
                0x000000000002631a                SWI4_EGU4_IRQHandler
                0x000000000002631a                TIMER0_IRQHandler
                0x000000000002631a                TIMER1_IRQHandler
                0x000000000002631a                PWM2_IRQHandler
                0x000000000002631a                ECB_IRQHandler
                0x000000000002631a                SPIM1_SPIS1_TWIM1_TWIS1_SPI1_TWI1_IRQHandler
                0x000000000002631a                Default_Handler
                0x000000000002631a                SAADC_IRQHandler
                0x000000000002631a                CCM_AAR_IRQHandler
                0x000000000002631a                WDT_IRQHandler
                0x000000000002631a                SWI5_EGU5_IRQHandler
                0x000000000002631a                RNG_IRQHandler
                0x000000000002631a                RTC2_IRQHandler
                0x000000000002631a                PWM0_IRQHandler
                0x000000000002631a                SWI3_EGU3_IRQHandler
                0x000000000002631a                SWI1_EGU1_IRQHandler
                0x000000000002631a                SPIM2_SPIS2_SPI2_IRQHandler
                0x000000000002631a                NFCT_IRQHandler
                0x000000000002631a                MWU_IRQHandler
                0x000000000002631a                COMP_LPCOMP_IRQHandler
 .text.nrf_log_backend_serial_put
                0x000000000002631c       0xcc _build/nrf52832_xxaa/nrf_log_backend_serial.c.o
                0x000000000002631c                nrf_log_backend_serial_put
 .text.uart_evt_handler
                0x00000000000263e8        0xc _build/nrf52832_xxaa/nrf_log_backend_uart.c.o
 .text.nrf_log_backend_uart_flush
                0x00000000000263f4        0x4 _build/nrf52832_xxaa/nrf_log_backend_uart.c.o
 .text.nrf_log_backend_uart_put
                0x00000000000263f8       0x20 _build/nrf52832_xxaa/nrf_log_backend_uart.c.o
 .text.serial_tx
                0x0000000000026418       0x4c _build/nrf52832_xxaa/nrf_log_backend_uart.c.o
 .text.nrf_log_backend_uart_panic_set
                0x0000000000026464       0x60 _build/nrf52832_xxaa/nrf_log_backend_uart.c.o
 .text.nrf_log_backend_uart_init
                0x00000000000264c4       0x48 _build/nrf52832_xxaa/nrf_log_backend_uart.c.o
                0x00000000000264c4                nrf_log_backend_uart_init
 .text.nrf_log_default_backends_init
                0x000000000002650c       0x20 _build/nrf52832_xxaa/nrf_log_default_backends.c.o
                0x000000000002650c                nrf_log_default_backends_init
 .text.log_skip
                0x000000000002652c       0xd8 _build/nrf52832_xxaa/nrf_log_frontend.c.o
 .text.nrf_log_init
                0x0000000000026604       0x3c _build/nrf52832_xxaa/nrf_log_frontend.c.o
                0x0000000000026604                nrf_log_init
 .text.nrf_log_module_name_get
                0x0000000000026640       0x54 _build/nrf52832_xxaa/nrf_log_frontend.c.o
                0x0000000000026640                nrf_log_module_name_get
 .text.nrf_log_color_id_get
                0x0000000000026694       0x2c _build/nrf52832_xxaa/nrf_log_frontend.c.o
                0x0000000000026694                nrf_log_color_id_get
 .text.nrf_log_frontend_dequeue
                0x00000000000266c0      0x270 _build/nrf52832_xxaa/nrf_log_frontend.c.o
                0x00000000000266c0                nrf_log_frontend_dequeue
 .text.nrf_log_frontend_std_0
                0x0000000000026930       0xf4 _build/nrf52832_xxaa/nrf_log_frontend.c.o
                0x0000000000026930                nrf_log_frontend_std_0
 .text.nrf_log_frontend_std_1
                0x0000000000026a24       0xf4 _build/nrf52832_xxaa/nrf_log_frontend.c.o
                0x0000000000026a24                nrf_log_frontend_std_1
 .text.nrf_log_frontend_std_2
                0x0000000000026b18      0x108 _build/nrf52832_xxaa/nrf_log_frontend.c.o
                0x0000000000026b18                nrf_log_frontend_std_2
 .text.nrf_log_frontend_std_3
                0x0000000000026c20      0x118 _build/nrf52832_xxaa/nrf_log_frontend.c.o
                0x0000000000026c20                nrf_log_frontend_std_3
 .text.nrf_log_frontend_std_4
                0x0000000000026d38      0x134 _build/nrf52832_xxaa/nrf_log_frontend.c.o
                0x0000000000026d38                nrf_log_frontend_std_4
 .text.nrf_log_backend_add
                0x0000000000026e6c       0x64 _build/nrf52832_xxaa/nrf_log_frontend.c.o
                0x0000000000026e6c                nrf_log_backend_add
 .text.nrf_log_panic
                0x0000000000026ed0       0x2c _build/nrf52832_xxaa/nrf_log_frontend.c.o
                0x0000000000026ed0                nrf_log_panic
 .text.nrf_log_std_entry_process
                0x0000000000026efc      0x14c _build/nrf52832_xxaa/nrf_log_str_formatter.c.o
                0x0000000000026efc                nrf_log_std_entry_process
 .text.nrf_log_hexdump_entry_process
                0x0000000000027048      0x164 _build/nrf52832_xxaa/nrf_log_str_formatter.c.o
                0x0000000000027048                nrf_log_hexdump_entry_process
 .text.detection_delay_timeout_handler
                0x00000000000271ac      0x120 _build/nrf52832_xxaa/app_button.c.o
 .text.gpiote_event_handler
                0x00000000000272cc       0x98 _build/nrf52832_xxaa/app_button.c.o
 .text.app_button_init
                0x0000000000027364       0xb0 _build/nrf52832_xxaa/app_button.c.o
                0x0000000000027364                app_button_init
 .text.app_button_enable
                0x0000000000027414       0x2c _build/nrf52832_xxaa/app_button.c.o
                0x0000000000027414                app_button_enable
 .text.app_error_handler_bare
                0x0000000000027440       0x20 _build/nrf52832_xxaa/app_error.c.o
                0x0000000000027440                app_error_handler_bare
 .text.app_error_fault_handler
                0x0000000000027460       0x70 _build/nrf52832_xxaa/app_error_weak.c.o
                0x0000000000027460                app_error_fault_handler
 .text.RTC1_IRQHandler
                0x00000000000274d0       0xa0 _build/nrf52832_xxaa/app_timer.c.o
                0x00000000000274d0                RTC1_IRQHandler
 .text.SWI0_EGU0_IRQHandler
                0x0000000000027570      0x3e0 _build/nrf52832_xxaa/app_timer.c.o
                0x0000000000027570                SWI0_EGU0_IRQHandler
 .text.app_timer_init
                0x0000000000027950       0xa8 _build/nrf52832_xxaa/app_timer.c.o
                0x0000000000027950                app_timer_init
 .text.app_timer_create
                0x00000000000279f8       0x24 _build/nrf52832_xxaa/app_timer.c.o
                0x00000000000279f8                app_timer_create
 .text.app_timer_start
                0x0000000000027a1c       0xac _build/nrf52832_xxaa/app_timer.c.o
                0x0000000000027a1c                app_timer_start
 .text.app_timer_stop
                0x0000000000027ac8       0x78 _build/nrf52832_xxaa/app_timer.c.o
                0x0000000000027ac8                app_timer_stop
 .text.app_util_critical_region_enter
                0x0000000000027b40       0x4c _build/nrf52832_xxaa/app_util_platform.c.o
                0x0000000000027b40                app_util_critical_region_enter
 .text.app_util_critical_region_exit
                0x0000000000027b8c       0x30 _build/nrf52832_xxaa/app_util_platform.c.o
                0x0000000000027b8c                app_util_critical_region_exit
 .text.gc_record_find_next
                0x0000000000027bbc       0xe4 _build/nrf52832_xxaa/fds.c.o
 .text.record_find_by_desc
                0x0000000000027ca0      0x104 _build/nrf52832_xxaa/fds.c.o
 .text.queue_process
                0x0000000000027da4      0x810 _build/nrf52832_xxaa/fds.c.o
 .text.fs_event_handler
                0x00000000000285b4        0x8 _build/nrf52832_xxaa/fds.c.o
 .text.write_enqueue.part.7
                0x00000000000285bc      0x140 _build/nrf52832_xxaa/fds.c.o
 .text.fds_register
                0x00000000000286fc       0x2c _build/nrf52832_xxaa/fds.c.o
                0x00000000000286fc                fds_register
 .text.fds_init
                0x0000000000028728      0x388 _build/nrf52832_xxaa/fds.c.o
                0x0000000000028728                fds_init
 .text.fds_record_open
                0x0000000000028ab0       0x4c _build/nrf52832_xxaa/fds.c.o
                0x0000000000028ab0                fds_record_open
 .text.fds_record_close
                0x0000000000028afc       0x4c _build/nrf52832_xxaa/fds.c.o
                0x0000000000028afc                fds_record_close
 .text.fds_record_write
                0x0000000000028b48       0x44 _build/nrf52832_xxaa/fds.c.o
                0x0000000000028b48                fds_record_write
 .text.fds_record_update
                0x0000000000028b8c       0x48 _build/nrf52832_xxaa/fds.c.o
                0x0000000000028b8c                fds_record_update
 .text.fds_file_delete
                0x0000000000028bd4       0x6c _build/nrf52832_xxaa/fds.c.o
                0x0000000000028bd4                fds_file_delete
 .text.fds_gc   0x0000000000028c40       0x68 _build/nrf52832_xxaa/fds.c.o
                0x0000000000028c40                fds_gc
 .text.fds_record_find
                0x0000000000028ca8       0xe8 _build/nrf52832_xxaa/fds.c.o
                0x0000000000028ca8                fds_record_find
 .text.fds_record_find_by_key
                0x0000000000028d90       0xd4 _build/nrf52832_xxaa/fds.c.o
                0x0000000000028d90                fds_record_find_by_key
 .text.fds_record_find_in_file
                0x0000000000028e64       0xd4 _build/nrf52832_xxaa/fds.c.o
                0x0000000000028e64                fds_record_find_in_file
 .text.fds_record_id_from_desc
                0x0000000000028f38       0x10 _build/nrf52832_xxaa/fds.c.o
                0x0000000000028f38                fds_record_id_from_desc
 .text.nrf_atfifo_init
                0x0000000000028f48       0x30 _build/nrf52832_xxaa/nrf_atfifo.c.o
                0x0000000000028f48                nrf_atfifo_init
 .text.nrf_atfifo_clear
                0x0000000000028f78       0x44 _build/nrf52832_xxaa/nrf_atfifo.c.o
                0x0000000000028f78                nrf_atfifo_clear
 .text.nrf_atfifo_item_alloc
                0x0000000000028fbc       0x5c _build/nrf52832_xxaa/nrf_atfifo.c.o
                0x0000000000028fbc                nrf_atfifo_item_alloc
 .text.nrf_atfifo_item_put
                0x0000000000029018       0x20 _build/nrf52832_xxaa/nrf_atfifo.c.o
                0x0000000000029018                nrf_atfifo_item_put
 .text.nrf_atfifo_item_get
                0x0000000000029038       0x60 _build/nrf52832_xxaa/nrf_atfifo.c.o
                0x0000000000029038                nrf_atfifo_item_get
 .text.nrf_atfifo_item_free
                0x0000000000029098       0x20 _build/nrf52832_xxaa/nrf_atfifo.c.o
                0x0000000000029098                nrf_atfifo_item_free
 .text.nrf_atflags_set
                0x00000000000290b8       0x14 _build/nrf52832_xxaa/nrf_atflags.c.o
                0x00000000000290b8                nrf_atflags_set
 .text.nrf_atflags_fetch_set
                0x00000000000290cc       0x20 _build/nrf52832_xxaa/nrf_atflags.c.o
                0x00000000000290cc                nrf_atflags_fetch_set
 .text.nrf_atflags_clear
                0x00000000000290ec       0x14 _build/nrf52832_xxaa/nrf_atflags.c.o
                0x00000000000290ec                nrf_atflags_clear
 .text.nrf_atflags_get
                0x0000000000029100       0x14 _build/nrf52832_xxaa/nrf_atflags.c.o
                0x0000000000029100                nrf_atflags_get
 .text.nrf_atflags_find_and_set_flag
                0x0000000000029114       0x84 _build/nrf52832_xxaa/nrf_atflags.c.o
                0x0000000000029114                nrf_atflags_find_and_set_flag
 .text.nrf_atomic_u32_fetch_store
                0x0000000000029198       0x18 _build/nrf52832_xxaa/nrf_atomic.c.o
                0x0000000000029198                nrf_atomic_u32_fetch_store
 .text.nrf_atomic_u32_fetch_or
                0x00000000000291b0       0x1c _build/nrf52832_xxaa/nrf_atomic.c.o
                0x00000000000291b0                nrf_atomic_u32_fetch_or
 .text.nrf_atomic_u32_or
                0x00000000000291cc       0x1c _build/nrf52832_xxaa/nrf_atomic.c.o
                0x00000000000291cc                nrf_atomic_u32_or
 .text.nrf_atomic_u32_and
                0x00000000000291e8       0x1c _build/nrf52832_xxaa/nrf_atomic.c.o
                0x00000000000291e8                nrf_atomic_u32_and
 .text.nrf_atomic_u32_fetch_add
                0x0000000000029204       0x1c _build/nrf52832_xxaa/nrf_atomic.c.o
                0x0000000000029204                nrf_atomic_u32_fetch_add
 .text.nrf_atomic_u32_add
                0x0000000000029220       0x1c _build/nrf52832_xxaa/nrf_atomic.c.o
                0x0000000000029220                nrf_atomic_u32_add
 .text.nrf_atomic_u32_sub
                0x000000000002923c       0x1c _build/nrf52832_xxaa/nrf_atomic.c.o
                0x000000000002923c                nrf_atomic_u32_sub
 .text.nrf_atomic_flag_set_fetch
                0x0000000000029258       0x1c _build/nrf52832_xxaa/nrf_atomic.c.o
                0x0000000000029258                nrf_atomic_flag_set_fetch
 .text.nrf_atomic_flag_set
                0x0000000000029274       0x1c _build/nrf52832_xxaa/nrf_atomic.c.o
                0x0000000000029274                nrf_atomic_flag_set
 .text.nrf_atomic_flag_clear_fetch
                0x0000000000029290       0x1c _build/nrf52832_xxaa/nrf_atomic.c.o
                0x0000000000029290                nrf_atomic_flag_clear_fetch
 .text.nrf_balloc_init
                0x00000000000292ac       0x38 _build/nrf52832_xxaa/nrf_balloc.c.o
                0x00000000000292ac                nrf_balloc_init
 .text.nrf_balloc_alloc
                0x00000000000292e4       0x50 _build/nrf52832_xxaa/nrf_balloc.c.o
                0x00000000000292e4                nrf_balloc_alloc
 .text.nrf_balloc_free
                0x0000000000029334       0x38 _build/nrf52832_xxaa/nrf_balloc.c.o
                0x0000000000029334                nrf_balloc_free
 .text.nrf_fprintf_buffer_flush
                0x000000000002936c       0x18 _build/nrf52832_xxaa/nrf_fprintf.c.o
                0x000000000002936c                nrf_fprintf_buffer_flush
 .text.nrf_fprintf
                0x0000000000029384       0x20 _build/nrf52832_xxaa/nrf_fprintf.c.o
                0x0000000000029384                nrf_fprintf
 .text.unsigned_print
                0x00000000000293a4      0x13c _build/nrf52832_xxaa/nrf_fprintf_format.c.o
 .text.nrf_fprintf_fmt
                0x00000000000294e0      0x580 _build/nrf52832_xxaa/nrf_fprintf_format.c.o
                0x00000000000294e0                nrf_fprintf_fmt
 .text.nrf_fstorage_init
                0x0000000000029a60       0x5c _build/nrf52832_xxaa/nrf_fstorage.c.o
                0x0000000000029a60                nrf_fstorage_init
 .text.nrf_fstorage_write
                0x0000000000029abc      0x144 _build/nrf52832_xxaa/nrf_fstorage.c.o
                0x0000000000029abc                nrf_fstorage_write
 .text.nrf_fstorage_erase
                0x0000000000029c00       0xf8 _build/nrf52832_xxaa/nrf_fstorage.c.o
                0x0000000000029c00                nrf_fstorage_erase
 .text.sd_flash_write
                0x0000000000029cf8        0x4 _build/nrf52832_xxaa/nrf_fstorage_sd.c.o
 .text.sd_flash_page_erase
                0x0000000000029cfc        0x4 _build/nrf52832_xxaa/nrf_fstorage_sd.c.o
 .text.rmap     0x0000000000029d00        0x4 _build/nrf52832_xxaa/nrf_fstorage_sd.c.o
 .text.wmap     0x0000000000029d04        0x4 _build/nrf52832_xxaa/nrf_fstorage_sd.c.o
 .text.is_busy  0x0000000000029d08       0x10 _build/nrf52832_xxaa/nrf_fstorage_sd.c.o
 .text.nrf_fstorage_sdh_req_handler
                0x0000000000029d18       0x14 _build/nrf52832_xxaa/nrf_fstorage_sd.c.o
                0x0000000000029d18                nrf_fstorage_sdh_req_handler
 .text.read     0x0000000000029d2c       0x10 _build/nrf52832_xxaa/nrf_fstorage_sd.c.o
 .text.uninit   0x0000000000029d3c       0x20 _build/nrf52832_xxaa/nrf_fstorage_sd.c.o
 .text.init     0x0000000000029d5c       0x38 _build/nrf52832_xxaa/nrf_fstorage_sd.c.o
 .text.queue_process
                0x0000000000029d94      0x188 _build/nrf52832_xxaa/nrf_fstorage_sd.c.o
 .text.write    0x0000000000029f1c       0x78 _build/nrf52832_xxaa/nrf_fstorage_sd.c.o
 .text.erase    0x0000000000029f94       0x74 _build/nrf52832_xxaa/nrf_fstorage_sd.c.o
 .text.nrf_fstorage_sys_evt_handler
                0x000000000002a008       0xf0 _build/nrf52832_xxaa/nrf_fstorage_sd.c.o
                0x000000000002a008                nrf_fstorage_sys_evt_handler
 .text.nrf_fstorage_sdh_state_handler
                0x000000000002a0f8      0x1a8 _build/nrf52832_xxaa/nrf_fstorage_sd.c.o
                0x000000000002a0f8                nrf_fstorage_sdh_state_handler
 .text.nrf_memobj_pool_init
                0x000000000002a2a0        0x4 _build/nrf52832_xxaa/nrf_memobj.c.o
                0x000000000002a2a0                nrf_memobj_pool_init
 .text.nrf_memobj_alloc
                0x000000000002a2a4       0x90 _build/nrf52832_xxaa/nrf_memobj.c.o
                0x000000000002a2a4                nrf_memobj_alloc
 .text.nrf_memobj_get
                0x000000000002a334        0x8 _build/nrf52832_xxaa/nrf_memobj.c.o
                0x000000000002a334                nrf_memobj_get
 .text.nrf_memobj_put
                0x000000000002a33c       0x44 _build/nrf52832_xxaa/nrf_memobj.c.o
                0x000000000002a33c                nrf_memobj_put
 .text.nrf_memobj_write
                0x000000000002a380       0x6c _build/nrf52832_xxaa/nrf_memobj.c.o
                0x000000000002a380                nrf_memobj_write
 .text.nrf_memobj_read
                0x000000000002a3ec       0x6c _build/nrf52832_xxaa/nrf_memobj.c.o
                0x000000000002a3ec                nrf_memobj_read
 .text.sd_app_evt_wait
                0x000000000002a458        0x4 _build/nrf52832_xxaa/nrf_pwr_mgmt.c.o
 .text.nrf_pwr_mgmt_init
                0x000000000002a45c       0x2c _build/nrf52832_xxaa/nrf_pwr_mgmt.c.o
                0x000000000002a45c                nrf_pwr_mgmt_init
 .text.nrf_pwr_mgmt_run
                0x000000000002a488       0x50 _build/nrf52832_xxaa/nrf_pwr_mgmt.c.o
                0x000000000002a488                nrf_pwr_mgmt_run
 .text.nrf_ringbuf_init
                0x000000000002a4d8       0x1c _build/nrf52832_xxaa/nrf_ringbuf.c.o
                0x000000000002a4d8                nrf_ringbuf_init
 .text.nrf_section_iter_init
                0x000000000002a4f4       0x14 _build/nrf52832_xxaa/nrf_section_iter.c.o
                0x000000000002a4f4                nrf_section_iter_init
 .text.nrf_section_iter_next
                0x000000000002a508       0x18 _build/nrf52832_xxaa/nrf_section_iter.c.o
                0x000000000002a508                nrf_section_iter_next
 .text.nrf_strerror_get
                0x000000000002a520       0x6c _build/nrf52832_xxaa/nrf_strerror.c.o
                0x000000000002a520                nrf_strerror_get
 .text.SystemInit
                0x000000000002a58c      0x3cc _build/nrf52832_xxaa/system_nrf52.c.o
                0x000000000002a58c                SystemInit
 .text.bsp_board_led_state_get
                0x000000000002a958       0x1c _build/nrf52832_xxaa/boards.c.o
                0x000000000002a958                bsp_board_led_state_get
 .text.bsp_board_led_on
                0x000000000002a974       0x18 _build/nrf52832_xxaa/boards.c.o
                0x000000000002a974                bsp_board_led_on
 .text.bsp_board_led_off
                0x000000000002a98c       0x18 _build/nrf52832_xxaa/boards.c.o
                0x000000000002a98c                bsp_board_led_off
 .text.bsp_board_leds_off
                0x000000000002a9a4       0x2c _build/nrf52832_xxaa/boards.c.o
                0x000000000002a9a4                bsp_board_leds_off
 .text.bsp_board_leds_on
                0x000000000002a9d0       0x2c _build/nrf52832_xxaa/boards.c.o
                0x000000000002a9d0                bsp_board_leds_on
 .text.bsp_board_led_invert
                0x000000000002a9fc       0x24 _build/nrf52832_xxaa/boards.c.o
                0x000000000002a9fc                bsp_board_led_invert
 .text.bsp_board_button_state_get
                0x000000000002aa20       0x1c _build/nrf52832_xxaa/boards.c.o
                0x000000000002aa20                bsp_board_button_state_get
 .text.bsp_board_pin_to_button_idx
                0x000000000002aa3c       0x24 _build/nrf52832_xxaa/boards.c.o
                0x000000000002aa3c                bsp_board_pin_to_button_idx
 .text.bsp_board_button_idx_to_pin
                0x000000000002aa60        0xc _build/nrf52832_xxaa/boards.c.o
                0x000000000002aa60                bsp_board_button_idx_to_pin
 .text.bsp_board_init
                0x000000000002aa6c       0x5c _build/nrf52832_xxaa/boards.c.o
                0x000000000002aa6c                bsp_board_init
 .text.clock_irq_handler
                0x000000000002aac8       0x40 _build/nrf52832_xxaa/nrf_drv_clock.c.o
 .text.soc_evt_handler
                0x000000000002ab08       0x24 _build/nrf52832_xxaa/nrf_drv_clock.c.o
 .text.sd_state_evt_handler
                0x000000000002ab2c       0xa0 _build/nrf52832_xxaa/nrf_drv_clock.c.o
 .text.uarte_evt_handler
                0x000000000002abcc       0x34 _build/nrf52832_xxaa/nrf_drv_uart.c.o
 .text.uart_evt_handler
                0x000000000002ac00       0x34 _build/nrf52832_xxaa/nrf_drv_uart.c.o
 .text.nrf_drv_uart_init
                0x000000000002ac34       0x80 _build/nrf52832_xxaa/nrf_drv_uart.c.o
                0x000000000002ac34                nrf_drv_uart_init
 .text.nrfx_clock_init
                0x000000000002acb4       0x1c _build/nrf52832_xxaa/nrfx_clock.c.o
                0x000000000002acb4                nrfx_clock_init
 .text.nrfx_clock_enable
                0x000000000002acd0       0x24 _build/nrf52832_xxaa/nrfx_clock.c.o
                0x000000000002acd0                nrfx_clock_enable
 .text.nrfx_clock_lfclk_stop
                0x000000000002acf4       0x18 _build/nrf52832_xxaa/nrfx_clock.c.o
                0x000000000002acf4                nrfx_clock_lfclk_stop
 .text.POWER_CLOCK_IRQHandler
                0x000000000002ad0c       0x60 _build/nrf52832_xxaa/nrfx_clock.c.o
                0x000000000002ad0c                POWER_CLOCK_IRQHandler
 .text.nrfx_gpiote_init
                0x000000000002ad6c       0x98 _build/nrf52832_xxaa/nrfx_gpiote.c.o
                0x000000000002ad6c                nrfx_gpiote_init
 .text.nrfx_gpiote_is_init
                0x000000000002ae04       0x14 _build/nrf52832_xxaa/nrfx_gpiote.c.o
                0x000000000002ae04                nrfx_gpiote_is_init
 .text.nrfx_gpiote_in_init
                0x000000000002ae18      0x1a4 _build/nrf52832_xxaa/nrfx_gpiote.c.o
                0x000000000002ae18                nrfx_gpiote_in_init
 .text.nrfx_gpiote_in_event_enable
                0x000000000002afbc       0xc4 _build/nrf52832_xxaa/nrfx_gpiote.c.o
                0x000000000002afbc                nrfx_gpiote_in_event_enable
 .text.nrfx_gpiote_in_is_set
                0x000000000002b080       0x14 _build/nrf52832_xxaa/nrfx_gpiote.c.o
                0x000000000002b080                nrfx_gpiote_in_is_set
 .text.GPIOTE_IRQHandler
                0x000000000002b094      0x528 _build/nrf52832_xxaa/nrfx_gpiote.c.o
                0x000000000002b094                GPIOTE_IRQHandler
 .text.UARTE0_UART0_IRQHandler
                0x000000000002b5bc        0xc _build/nrf52832_xxaa/nrfx_prs.c.o
                0x000000000002b5bc                UARTE0_UART0_IRQHandler
 .text.nrfx_prs_acquire
                0x000000000002b5c8       0x4c _build/nrf52832_xxaa/nrfx_prs.c.o
                0x000000000002b5c8                nrfx_prs_acquire
 .text.nrfx_prs_release
                0x000000000002b614       0x18 _build/nrf52832_xxaa/nrfx_prs.c.o
                0x000000000002b614                nrfx_prs_release
 .text.nrfx_uart_0_irq_handler
                0x000000000002b62c      0x1c4 _build/nrf52832_xxaa/nrfx_uart.c.o
                0x000000000002b62c                nrfx_uart_0_irq_handler
 .text.nrfx_uart_init
                0x000000000002b7f0      0x18c _build/nrf52832_xxaa/nrfx_uart.c.o
                0x000000000002b7f0                nrfx_uart_init
 .text.nrfx_uart_uninit
                0x000000000002b97c       0xcc _build/nrf52832_xxaa/nrfx_uart.c.o
                0x000000000002b97c                nrfx_uart_uninit
 .text.nrfx_uart_tx
                0x000000000002ba48       0xc8 _build/nrf52832_xxaa/nrfx_uart.c.o
                0x000000000002ba48                nrfx_uart_tx
 .text.nrfx_uarte_0_irq_handler
                0x000000000002bb10      0x12c _build/nrf52832_xxaa/nrfx_uarte.c.o
                0x000000000002bb10                nrfx_uarte_0_irq_handler
 .text.nrfx_uarte_init
                0x000000000002bc3c      0x1cc _build/nrf52832_xxaa/nrfx_uarte.c.o
                0x000000000002bc3c                nrfx_uarte_init
 .text.nrfx_uarte_uninit
                0x000000000002be08       0xd0 _build/nrf52832_xxaa/nrfx_uarte.c.o
                0x000000000002be08                nrfx_uarte_uninit
 .text.nrfx_uarte_tx
                0x000000000002bed8       0x98 _build/nrf52832_xxaa/nrfx_uarte.c.o
                0x000000000002bed8                nrfx_uarte_tx
 .text.alert_timer_handler
                0x000000000002bf70        0x8 _build/nrf52832_xxaa/bsp.c.o
 .text.bsp_button_event_handler
                0x000000000002bf78       0xa4 _build/nrf52832_xxaa/bsp.c.o
 .text.button_timer_handler
                0x000000000002c01c       0x30 _build/nrf52832_xxaa/bsp.c.o
 .text.leds_timer_handler
                0x000000000002c04c      0x2ec _build/nrf52832_xxaa/bsp.c.o
 .text.bsp_button_is_pressed
                0x000000000002c338        0xc _build/nrf52832_xxaa/bsp.c.o
                0x000000000002c338                bsp_button_is_pressed
 .text.bsp_indication_set
                0x000000000002c344      0x334 _build/nrf52832_xxaa/bsp.c.o
                0x000000000002c344                bsp_indication_set
 .text.bsp_init
                0x000000000002c678       0xc0 _build/nrf52832_xxaa/bsp.c.o
                0x000000000002c678                bsp_init
 .text.bsp_event_to_button_action_assign
                0x000000000002c738       0x50 _build/nrf52832_xxaa/bsp.c.o
                0x000000000002c738                bsp_event_to_button_action_assign
 .text.bsp_wakeup_button_enable
                0x000000000002c788       0x30 _build/nrf52832_xxaa/bsp.c.o
                0x000000000002c788                bsp_wakeup_button_enable
 .text.ble_evt_handler
                0x000000000002c7b8       0xb0 _build/nrf52832_xxaa/bsp_btn_ble.c.o
 .text.bsp_btn_ble_sleep_mode_prepare
                0x000000000002c868       0x24 _build/nrf52832_xxaa/bsp_btn_ble.c.o
                0x000000000002c868                bsp_btn_ble_sleep_mode_prepare
 .text.bsp_btn_ble_init
                0x000000000002c88c       0x70 _build/nrf52832_xxaa/bsp_btn_ble.c.o
                0x000000000002c88c                bsp_btn_ble_init
 .text.sd_ble_gap_disconnect
                0x000000000002c8fc        0x4 _build/nrf52832_xxaa/main.c.o
 .text.sd_ble_gap_ppcp_set
                0x000000000002c900        0x4 _build/nrf52832_xxaa/main.c.o
 .text.sd_ble_gap_device_name_set
                0x000000000002c904        0x4 _build/nrf52832_xxaa/main.c.o
 .text.sd_ble_gap_phy_update
                0x000000000002c908        0x4 _build/nrf52832_xxaa/main.c.o
 .text.sd_power_system_off
                0x000000000002c90c        0x4 _build/nrf52832_xxaa/main.c.o
 .text.conn_params_error_handler
                0x000000000002c910        0x4 _build/nrf52832_xxaa/main.c.o
 .text.ble_evt_handler
                0x000000000002c914       0xb0 _build/nrf52832_xxaa/main.c.o
 .text.on_conn_params_evt
                0x000000000002c9c4       0x24 _build/nrf52832_xxaa/main.c.o
 .text.bsp_event_handler
                0x000000000002c9e8       0x70 _build/nrf52832_xxaa/main.c.o
 .text.nrf_qwr_error_handler
                0x000000000002ca58        0x4 _build/nrf52832_xxaa/main.c.o
 .text.pm_evt_handler
                0x000000000002ca5c       0x30 _build/nrf52832_xxaa/main.c.o
 .text.on_adv_evt
                0x000000000002ca8c       0x5c _build/nrf52832_xxaa/main.c.o
 .text.startup.main
                0x000000000002cae8      0x25c _build/nrf52832_xxaa/main.c.o
                0x000000000002cae8                main
 .text.sd_ble_gap_addr_get
                0x000000000002cd44        0x4 _build/nrf52832_xxaa/ble_advdata.c.o
 .text.sd_ble_gap_appearance_get
                0x000000000002cd48        0x4 _build/nrf52832_xxaa/ble_advdata.c.o
 .text.sd_ble_gap_device_name_get
                0x000000000002cd4c        0x4 _build/nrf52832_xxaa/ble_advdata.c.o
 .text.sd_ble_uuid_encode
                0x000000000002cd50        0x4 _build/nrf52832_xxaa/ble_advdata.c.o
 .text.uuid_list_sized_encode
                0x000000000002cd54       0xb8 _build/nrf52832_xxaa/ble_advdata.c.o
 .text.ble_advdata_encode
                0x000000000002ce0c      0x40c _build/nrf52832_xxaa/ble_advdata.c.o
                0x000000000002ce0c                ble_advdata_encode
 .text.ble_advdata_parse
                0x000000000002d218       0x48 _build/nrf52832_xxaa/ble_advdata.c.o
                0x000000000002d218                ble_advdata_parse
 .text.sd_ble_gap_adv_set_configure
                0x000000000002d260        0x4 _build/nrf52832_xxaa/ble_advertising.c.o
 .text.sd_ble_gap_adv_start
                0x000000000002d264        0x4 _build/nrf52832_xxaa/ble_advertising.c.o
 .text.sd_ble_gap_adv_stop
                0x000000000002d268        0x4 _build/nrf52832_xxaa/ble_advertising.c.o
 .text.ble_advertising_start.part.3
                0x000000000002d26c      0x2ec _build/nrf52832_xxaa/ble_advertising.c.o
 .text.ble_advertising_conn_cfg_tag_set
                0x000000000002d558        0x8 _build/nrf52832_xxaa/ble_advertising.c.o
                0x000000000002d558                ble_advertising_conn_cfg_tag_set
 .text.ble_advertising_init
                0x000000000002d560      0x108 _build/nrf52832_xxaa/ble_advertising.c.o
                0x000000000002d560                ble_advertising_init
 .text.ble_advertising_start
                0x000000000002d668      0x2e8 _build/nrf52832_xxaa/ble_advertising.c.o
                0x000000000002d668                ble_advertising_start
 .text.ble_advertising_on_ble_evt
                0x000000000002d950       0x90 _build/nrf52832_xxaa/ble_advertising.c.o
                0x000000000002d950                ble_advertising_on_ble_evt
 .text.ble_advertising_on_sys_evt
                0x000000000002d9e0        0x4 _build/nrf52832_xxaa/ble_advertising.c.o
                0x000000000002d9e0                ble_advertising_on_sys_evt
 .text.ble_advertising_restart_without_whitelist
                0x000000000002d9e4       0x64 _build/nrf52832_xxaa/ble_advertising.c.o
                0x000000000002d9e4                ble_advertising_restart_without_whitelist
 .text.sd_ble_gap_conn_param_update
                0x000000000002da48        0x4 _build/nrf52832_xxaa/ble_conn_params.c.o
 .text.sd_ble_gap_disconnect
                0x000000000002da4c        0x4 _build/nrf52832_xxaa/ble_conn_params.c.o
 .text.sd_ble_gap_ppcp_set
                0x000000000002da50        0x4 _build/nrf52832_xxaa/ble_conn_params.c.o
 .text.sd_ble_gap_ppcp_get
                0x000000000002da54        0x4 _build/nrf52832_xxaa/ble_conn_params.c.o
 .text.update_timeout_handler
                0x000000000002da58       0x80 _build/nrf52832_xxaa/ble_conn_params.c.o
 .text.ble_evt_handler
                0x000000000002dad8      0x1c4 _build/nrf52832_xxaa/ble_conn_params.c.o
 .text.ble_conn_params_init
                0x000000000002dc9c       0x7c _build/nrf52832_xxaa/ble_conn_params.c.o
                0x000000000002dc9c                ble_conn_params_init
 .text.ble_evt_handler
                0x000000000002dd18      0x134 _build/nrf52832_xxaa/ble_conn_state.c.o
 .text.ble_conn_state_valid
                0x000000000002de4c       0x14 _build/nrf52832_xxaa/ble_conn_state.c.o
                0x000000000002de4c                ble_conn_state_valid
 .text.ble_conn_state_role
                0x000000000002de60       0x34 _build/nrf52832_xxaa/ble_conn_state.c.o
                0x000000000002de60                ble_conn_state_role
 .text.ble_conn_state_status
                0x000000000002de94       0x34 _build/nrf52832_xxaa/ble_conn_state.c.o
                0x000000000002de94                ble_conn_state_status
 .text.ble_conn_state_encrypted
                0x000000000002dec8       0x30 _build/nrf52832_xxaa/ble_conn_state.c.o
                0x000000000002dec8                ble_conn_state_encrypted
 .text.ble_conn_state_mitm_protected
                0x000000000002def8       0x30 _build/nrf52832_xxaa/ble_conn_state.c.o
                0x000000000002def8                ble_conn_state_mitm_protected
 .text.ble_conn_state_user_flag_acquire
                0x000000000002df28       0x14 _build/nrf52832_xxaa/ble_conn_state.c.o
                0x000000000002df28                ble_conn_state_user_flag_acquire
 .text.ble_conn_state_user_flag_get
                0x000000000002df3c       0x38 _build/nrf52832_xxaa/ble_conn_state.c.o
                0x000000000002df3c                ble_conn_state_user_flag_get
 .text.ble_conn_state_user_flag_set
                0x000000000002df74       0x44 _build/nrf52832_xxaa/ble_conn_state.c.o
                0x000000000002df74                ble_conn_state_user_flag_set
 .text.ble_conn_state_for_each_set_user_flag
                0x000000000002dfb8       0x58 _build/nrf52832_xxaa/ble_conn_state.c.o
                0x000000000002dfb8                ble_conn_state_for_each_set_user_flag
 .text.ble_srv_is_notification_enabled
                0x000000000002e010        0x8 _build/nrf52832_xxaa/ble_srv_common.c.o
                0x000000000002e010                ble_srv_is_notification_enabled
 .text.sd_ble_gattc_char_value_by_uuid_read
                0x000000000002e018        0x4 _build/nrf52832_xxaa/gatt_cache_manager.c.o
 .text.sd_ble_gattc_read
                0x000000000002e01c        0x4 _build/nrf52832_xxaa/gatt_cache_manager.c.o
 .text.sd_ble_gatts_value_get
                0x000000000002e020        0x4 _build/nrf52832_xxaa/gatt_cache_manager.c.o
 .text.sd_ble_gatts_initial_user_handle_get
                0x000000000002e024        0x4 _build/nrf52832_xxaa/gatt_cache_manager.c.o
 .text.car_update_pending_handle
                0x000000000002e028       0x4c _build/nrf52832_xxaa/gatt_cache_manager.c.o
 .text.db_update_pending_handle
                0x000000000002e074       0xf8 _build/nrf52832_xxaa/gatt_cache_manager.c.o
 .text.local_db_apply_in_evt
                0x000000000002e16c       0xfc _build/nrf52832_xxaa/gatt_cache_manager.c.o
 .text.sc_send_pending_handle
                0x000000000002e268      0x190 _build/nrf52832_xxaa/gatt_cache_manager.c.o
 .text.apply_pending_handle
                0x000000000002e3f8       0xfc _build/nrf52832_xxaa/gatt_cache_manager.c.o
 .text.gcm_im_evt_handler
                0x000000000002e4f4       0x80 _build/nrf52832_xxaa/gatt_cache_manager.c.o
                0x000000000002e4f4                gcm_im_evt_handler
 .text.gcm_pdb_evt_handler
                0x000000000002e574       0xe8 _build/nrf52832_xxaa/gatt_cache_manager.c.o
                0x000000000002e574                gcm_pdb_evt_handler
 .text.gcm_init
                0x000000000002e65c       0xc4 _build/nrf52832_xxaa/gatt_cache_manager.c.o
                0x000000000002e65c                gcm_init
 .text.gcm_ble_evt_handler
                0x000000000002e720      0x2fc _build/nrf52832_xxaa/gatt_cache_manager.c.o
                0x000000000002e720                gcm_ble_evt_handler
 .text.sd_ble_gatts_service_changed
                0x000000000002ea1c        0x4 _build/nrf52832_xxaa/gatts_cache_manager.c.o
 .text.sd_ble_gatts_sys_attr_set
                0x000000000002ea20        0x4 _build/nrf52832_xxaa/gatts_cache_manager.c.o
 .text.sd_ble_gatts_sys_attr_get
                0x000000000002ea24        0x4 _build/nrf52832_xxaa/gatts_cache_manager.c.o
 .text.sd_ble_gatts_initial_user_handle_get
                0x000000000002ea28        0x4 _build/nrf52832_xxaa/gatts_cache_manager.c.o
 .text.service_changed_pending_set
                0x000000000002ea2c       0xac _build/nrf52832_xxaa/gatts_cache_manager.c.o
 .text.gscm_pdb_evt_handler
                0x000000000002ead8       0x18 _build/nrf52832_xxaa/gatts_cache_manager.c.o
                0x000000000002ead8                gscm_pdb_evt_handler
 .text.gscm_init
                0x000000000002eaf0       0x10 _build/nrf52832_xxaa/gatts_cache_manager.c.o
                0x000000000002eaf0                gscm_init
 .text.gscm_local_db_cache_update
                0x000000000002eb00       0xe0 _build/nrf52832_xxaa/gatts_cache_manager.c.o
                0x000000000002eb00                gscm_local_db_cache_update
 .text.gscm_local_db_cache_apply
                0x000000000002ebe0       0xa8 _build/nrf52832_xxaa/gatts_cache_manager.c.o
                0x000000000002ebe0                gscm_local_db_cache_apply
 .text.gscm_service_changed_ind_needed
                0x000000000002ec88       0x2c _build/nrf52832_xxaa/gatts_cache_manager.c.o
                0x000000000002ec88                gscm_service_changed_ind_needed
 .text.gscm_service_changed_ind_send
                0x000000000002ecb4       0x5c _build/nrf52832_xxaa/gatts_cache_manager.c.o
                0x000000000002ecb4                gscm_service_changed_ind_send
 .text.gscm_db_change_notification_done
                0x000000000002ed10       0x24 _build/nrf52832_xxaa/gatts_cache_manager.c.o
                0x000000000002ed10                gscm_db_change_notification_done
 .text.sd_ecb_block_encrypt
                0x000000000002ed34        0x4 _build/nrf52832_xxaa/id_manager.c.o
 .text.im_ble_evt_handler
                0x000000000002ed38      0x20c _build/nrf52832_xxaa/id_manager.c.o
                0x000000000002ed38                im_ble_evt_handler
 .text.im_is_duplicate_bonding_data
                0x000000000002ef44      0x11c _build/nrf52832_xxaa/id_manager.c.o
                0x000000000002ef44                im_is_duplicate_bonding_data
 .text.im_find_duplicate_bonding_data
                0x000000000002f060       0x40 _build/nrf52832_xxaa/id_manager.c.o
                0x000000000002f060                im_find_duplicate_bonding_data
 .text.im_peer_id_get_by_conn_handle
                0x000000000002f0a0       0x2c _build/nrf52832_xxaa/id_manager.c.o
                0x000000000002f0a0                im_peer_id_get_by_conn_handle
 .text.im_ble_addr_get
                0x000000000002f0cc       0x3c _build/nrf52832_xxaa/id_manager.c.o
                0x000000000002f0cc                im_ble_addr_get
 .text.im_master_ids_compare
                0x000000000002f108       0x44 _build/nrf52832_xxaa/id_manager.c.o
                0x000000000002f108                im_master_ids_compare
 .text.im_peer_id_get_by_master_id
                0x000000000002f14c       0xf8 _build/nrf52832_xxaa/id_manager.c.o
                0x000000000002f14c                im_peer_id_get_by_master_id
 .text.im_conn_handle_get
                0x000000000002f244       0x4c _build/nrf52832_xxaa/id_manager.c.o
                0x000000000002f244                im_conn_handle_get
 .text.im_new_peer_id
                0x000000000002f290       0x14 _build/nrf52832_xxaa/id_manager.c.o
                0x000000000002f290                im_new_peer_id
 .text.im_peer_free
                0x000000000002f2a4       0x54 _build/nrf52832_xxaa/id_manager.c.o
                0x000000000002f2a4                im_peer_free
 .text.sd_ble_gap_data_length_update
                0x000000000002f2f8        0x4 _build/nrf52832_xxaa/nrf_ble_gatt.c.o
 .text.sd_ble_gattc_exchange_mtu_request
                0x000000000002f2fc        0x4 _build/nrf52832_xxaa/nrf_ble_gatt.c.o
 .text.sd_ble_gatts_exchange_mtu_reply
                0x000000000002f300        0x4 _build/nrf52832_xxaa/nrf_ble_gatt.c.o
 .text.nrf_ble_gatt_init
                0x000000000002f304       0x2c _build/nrf52832_xxaa/nrf_ble_gatt.c.o
                0x000000000002f304                nrf_ble_gatt_init
 .text.nrf_ble_gatt_on_ble_evt
                0x000000000002f330      0x268 _build/nrf52832_xxaa/nrf_ble_gatt.c.o
                0x000000000002f330                nrf_ble_gatt_on_ble_evt
 .text.sd_ble_gatts_rw_authorize_reply
                0x000000000002f598        0x4 _build/nrf52832_xxaa/nrf_ble_qwr.c.o
 .text.sd_ble_user_mem_reply
                0x000000000002f59c        0x4 _build/nrf52832_xxaa/nrf_ble_qwr.c.o
 .text.nrf_ble_qwr_init
                0x000000000002f5a0       0x24 _build/nrf52832_xxaa/nrf_ble_qwr.c.o
                0x000000000002f5a0                nrf_ble_qwr_init
 .text.nrf_ble_qwr_conn_handle_assign
                0x000000000002f5c4       0x18 _build/nrf52832_xxaa/nrf_ble_qwr.c.o
                0x000000000002f5c4                nrf_ble_qwr_conn_handle_assign
 .text.nrf_ble_qwr_on_ble_evt
                0x000000000002f5dc       0xec _build/nrf52832_xxaa/nrf_ble_qwr.c.o
                0x000000000002f5dc                nrf_ble_qwr_on_ble_evt
 .text.peer_data_delete_process
                0x000000000002f6c8       0xc4 _build/nrf52832_xxaa/peer_data_storage.c.o
 .text.fds_evt_handler
                0x000000000002f78c      0x110 _build/nrf52832_xxaa/peer_data_storage.c.o
 .text.pds_init
                0x000000000002f89c       0xa8 _build/nrf52832_xxaa/peer_data_storage.c.o
                0x000000000002f89c                pds_init
 .text.pds_peer_data_read
                0x000000000002f944       0x88 _build/nrf52832_xxaa/peer_data_storage.c.o
                0x000000000002f944                pds_peer_data_read
 .text.pds_peer_data_iterate_prepare
                0x000000000002f9cc       0x10 _build/nrf52832_xxaa/peer_data_storage.c.o
                0x000000000002f9cc                pds_peer_data_iterate_prepare
 .text.pds_peer_data_iterate
                0x000000000002f9dc       0x5c _build/nrf52832_xxaa/peer_data_storage.c.o
                0x000000000002f9dc                pds_peer_data_iterate
 .text.pds_peer_data_store
                0x000000000002fa38       0xc0 _build/nrf52832_xxaa/peer_data_storage.c.o
                0x000000000002fa38                pds_peer_data_store
 .text.pds_peer_id_allocate
                0x000000000002faf8        0x8 _build/nrf52832_xxaa/peer_data_storage.c.o
                0x000000000002faf8                pds_peer_id_allocate
 .text.pds_peer_id_free
                0x000000000002fb00       0x18 _build/nrf52832_xxaa/peer_data_storage.c.o
                0x000000000002fb00                pds_peer_id_free
 .text.pds_peer_id_is_allocated
                0x000000000002fb18        0x4 _build/nrf52832_xxaa/peer_data_storage.c.o
                0x000000000002fb18                pds_peer_id_is_allocated
 .text.pds_next_peer_id_get
                0x000000000002fb1c        0x4 _build/nrf52832_xxaa/peer_data_storage.c.o
                0x000000000002fb1c                pds_next_peer_id_get
 .text.pds_next_deleted_peer_id_get
                0x000000000002fb20        0x4 _build/nrf52832_xxaa/peer_data_storage.c.o
                0x000000000002fb20                pds_next_deleted_peer_id_get
 .text.write_buf_store
                0x000000000002fb24      0x10c _build/nrf52832_xxaa/peer_database.c.o
                0x000000000002fb24                write_buf_store
 .text.pdb_pds_evt_handler
                0x000000000002fc30      0x1ec _build/nrf52832_xxaa/peer_database.c.o
                0x000000000002fc30                pdb_pds_evt_handler
 .text.pdb_init
                0x000000000002fe1c       0xd8 _build/nrf52832_xxaa/peer_database.c.o
                0x000000000002fe1c                pdb_init
 .text.pdb_peer_free
                0x000000000002fef4      0x208 _build/nrf52832_xxaa/peer_database.c.o
                0x000000000002fef4                pdb_peer_free
 .text.pdb_peer_data_ptr_get
                0x00000000000300fc        0x8 _build/nrf52832_xxaa/peer_database.c.o
                0x00000000000300fc                pdb_peer_data_ptr_get
 .text.pdb_write_buf_get
                0x0000000000030104      0x2c0 _build/nrf52832_xxaa/peer_database.c.o
                0x0000000000030104                pdb_write_buf_get
 .text.pdb_write_buf_release
                0x00000000000303c4      0x130 _build/nrf52832_xxaa/peer_database.c.o
                0x00000000000303c4                pdb_write_buf_release
 .text.pdb_write_buf_store
                0x00000000000304f4      0x114 _build/nrf52832_xxaa/peer_database.c.o
                0x00000000000304f4                pdb_write_buf_store
 .text.peer_id_init
                0x0000000000030608       0x10 _build/nrf52832_xxaa/peer_id.c.o
                0x0000000000030608                peer_id_init
 .text.peer_id_allocate
                0x0000000000030618       0x40 _build/nrf52832_xxaa/peer_id.c.o
                0x0000000000030618                peer_id_allocate
 .text.peer_id_delete
                0x0000000000030658       0x28 _build/nrf52832_xxaa/peer_id.c.o
                0x0000000000030658                peer_id_delete
 .text.peer_id_free
                0x0000000000030680       0x28 _build/nrf52832_xxaa/peer_id.c.o
                0x0000000000030680                peer_id_free
 .text.peer_id_is_allocated
                0x00000000000306a8       0x14 _build/nrf52832_xxaa/peer_id.c.o
                0x00000000000306a8                peer_id_is_allocated
 .text.peer_id_get_next_used
                0x00000000000306bc       0x70 _build/nrf52832_xxaa/peer_id.c.o
                0x00000000000306bc                peer_id_get_next_used
 .text.peer_id_get_next_deleted
                0x000000000003072c       0x40 _build/nrf52832_xxaa/peer_id.c.o
                0x000000000003072c                peer_id_get_next_deleted
 .text.ble_evt_handler
                0x000000000003076c       0x24 _build/nrf52832_xxaa/peer_manager.c.o
 .text.pm_peer_ranks_get.part.4
                0x0000000000030790       0xf0 _build/nrf52832_xxaa/peer_manager.c.o
 .text.rank_vars_update
                0x0000000000030880       0x38 _build/nrf52832_xxaa/peer_manager.c.o
 .text.pm_pdb_evt_handler
                0x00000000000308b8      0x1f0 _build/nrf52832_xxaa/peer_manager.c.o
                0x00000000000308b8                pm_pdb_evt_handler
 .text.pm_sm_evt_handler
                0x0000000000030aa8       0x2c _build/nrf52832_xxaa/peer_manager.c.o
                0x0000000000030aa8                pm_sm_evt_handler
 .text.pm_gcm_evt_handler
                0x0000000000030ad4       0x28 _build/nrf52832_xxaa/peer_manager.c.o
                0x0000000000030ad4                pm_gcm_evt_handler
 .text.pm_gscm_evt_handler
                0x0000000000030afc       0x28 _build/nrf52832_xxaa/peer_manager.c.o
                0x0000000000030afc                pm_gscm_evt_handler
 .text.pm_im_evt_handler
                0x0000000000030b24       0x28 _build/nrf52832_xxaa/peer_manager.c.o
                0x0000000000030b24                pm_im_evt_handler
 .text.pm_init  0x0000000000030b4c       0xdc _build/nrf52832_xxaa/peer_manager.c.o
                0x0000000000030b4c                pm_init
 .text.pm_register
                0x0000000000030c28       0x38 _build/nrf52832_xxaa/peer_manager.c.o
                0x0000000000030c28                pm_register
 .text.pm_sec_params_set
                0x0000000000030c60       0x14 _build/nrf52832_xxaa/peer_manager.c.o
                0x0000000000030c60                pm_sec_params_set
 .text.pm_conn_secure
                0x0000000000030c74       0x1c _build/nrf52832_xxaa/peer_manager.c.o
                0x0000000000030c74                pm_conn_secure
 .text.pm_conn_sec_status_get
                0x0000000000030c90       0x70 _build/nrf52832_xxaa/peer_manager.c.o
                0x0000000000030c90                pm_conn_sec_status_get
 .text.pm_peer_delete
                0x0000000000030d00       0x14 _build/nrf52832_xxaa/peer_manager.c.o
                0x0000000000030d00                pm_peer_delete
 .text.pm_peers_delete
                0x0000000000030d14       0xc8 _build/nrf52832_xxaa/peer_manager.c.o
                0x0000000000030d14                pm_peers_delete
 .text.pm_peer_ranks_get
                0x0000000000030ddc       0x1c _build/nrf52832_xxaa/peer_manager.c.o
                0x0000000000030ddc                pm_peer_ranks_get
 .text.pm_peer_rank_highest
                0x0000000000030df8      0x140 _build/nrf52832_xxaa/peer_manager.c.o
                0x0000000000030df8                pm_peer_rank_highest
 .text.sd_ble_gap_disconnect
                0x0000000000030f38        0x4 _build/nrf52832_xxaa/peer_manager_handler.c.o
 .text.pm_handler_on_pm_evt
                0x0000000000030f3c      0x320 _build/nrf52832_xxaa/peer_manager_handler.c.o
                0x0000000000030f3c                pm_handler_on_pm_evt
 .text.pm_handler_flash_clean
                0x000000000003125c      0x248 _build/nrf52832_xxaa/peer_manager_handler.c.o
                0x000000000003125c                pm_handler_flash_clean
 .text.pm_buffer_init
                0x00000000000314a4       0x3c _build/nrf52832_xxaa/pm_buffer.c.o
                0x00000000000314a4                pm_buffer_init
 .text.pm_buffer_block_acquire
                0x00000000000314e0       0x90 _build/nrf52832_xxaa/pm_buffer.c.o
                0x00000000000314e0                pm_buffer_block_acquire
 .text.pm_buffer_ptr_get
                0x0000000000031570       0x34 _build/nrf52832_xxaa/pm_buffer.c.o
                0x0000000000031570                pm_buffer_ptr_get
 .text.pm_buffer_release
                0x00000000000315a4       0x34 _build/nrf52832_xxaa/pm_buffer.c.o
                0x00000000000315a4                pm_buffer_release
 .text.sd_ble_gap_authenticate
                0x00000000000315d8        0x4 _build/nrf52832_xxaa/security_dispatcher.c.o
 .text.sd_ble_gap_sec_params_reply
                0x00000000000315dc        0x4 _build/nrf52832_xxaa/security_dispatcher.c.o
 .text.sd_ble_gap_sec_info_reply
                0x00000000000315e0        0x4 _build/nrf52832_xxaa/security_dispatcher.c.o
 .text.auth_status_success_process
                0x00000000000315e4      0x2e8 _build/nrf52832_xxaa/security_dispatcher.c.o
 .text.smd_init
                0x00000000000318cc       0xa4 _build/nrf52832_xxaa/security_dispatcher.c.o
                0x00000000000318cc                smd_init
 .text.smd_params_reply
                0x0000000000031970      0x180 _build/nrf52832_xxaa/security_dispatcher.c.o
                0x0000000000031970                smd_params_reply
 .text.smd_link_secure
                0x0000000000031af0       0x2c _build/nrf52832_xxaa/security_dispatcher.c.o
                0x0000000000031af0                smd_link_secure
 .text.smd_ble_evt_handler
                0x0000000000031b1c      0x51c _build/nrf52832_xxaa/security_dispatcher.c.o
                0x0000000000031b1c                smd_ble_evt_handler
 .text.params_reply_pending_handle
                0x0000000000032038      0x154 _build/nrf52832_xxaa/security_manager.c.o
 .text.link_secure_pending_handle
                0x000000000003218c      0x1bc _build/nrf52832_xxaa/security_manager.c.o
 .text.sm_smd_evt_handler
                0x0000000000032348      0x338 _build/nrf52832_xxaa/security_manager.c.o
                0x0000000000032348                sm_smd_evt_handler
 .text.sm_pdb_evt_handler
                0x0000000000032680       0x48 _build/nrf52832_xxaa/security_manager.c.o
                0x0000000000032680                sm_pdb_evt_handler
 .text.sm_init  0x00000000000326c8       0x90 _build/nrf52832_xxaa/security_manager.c.o
                0x00000000000326c8                sm_init
 .text.sm_ble_evt_handler
                0x0000000000032758       0x34 _build/nrf52832_xxaa/security_manager.c.o
                0x0000000000032758                sm_ble_evt_handler
 .text.sm_sec_params_set
                0x000000000003278c       0x84 _build/nrf52832_xxaa/security_manager.c.o
                0x000000000003278c                sm_sec_params_set
 .text.sm_link_secure
                0x0000000000032810      0x108 _build/nrf52832_xxaa/security_manager.c.o
                0x0000000000032810                sm_link_secure
 .text.sd_softdevice_enable
                0x0000000000032918        0x4 _build/nrf52832_xxaa/nrf_sdh.c.o
 .text.sd_softdevice_disable
                0x000000000003291c        0x4 _build/nrf52832_xxaa/nrf_sdh.c.o
 .text.nrf_sdh_enable_request
                0x0000000000032920      0x110 _build/nrf52832_xxaa/nrf_sdh.c.o
                0x0000000000032920                nrf_sdh_enable_request
 .text.nrf_sdh_disable_request
                0x0000000000032a30       0xd8 _build/nrf52832_xxaa/nrf_sdh.c.o
                0x0000000000032a30                nrf_sdh_disable_request
 .text.nrf_sdh_request_continue
                0x0000000000032b08       0x20 _build/nrf52832_xxaa/nrf_sdh.c.o
                0x0000000000032b08                nrf_sdh_request_continue
 .text.nrf_sdh_is_enabled
                0x0000000000032b28        0xc _build/nrf52832_xxaa/nrf_sdh.c.o
                0x0000000000032b28                nrf_sdh_is_enabled
 .text.SWI2_EGU2_IRQHandler
                0x0000000000032b34       0x2c _build/nrf52832_xxaa/nrf_sdh.c.o
                0x0000000000032b34                SWI2_EGU2_IRQHandler
 .text.sd_ble_enable
                0x0000000000032b60        0x4 _build/nrf52832_xxaa/nrf_sdh_ble.c.o
 .text.sd_ble_cfg_set
                0x0000000000032b64        0x4 _build/nrf52832_xxaa/nrf_sdh_ble.c.o
 .text.sd_ble_evt_get
                0x0000000000032b68        0x4 _build/nrf52832_xxaa/nrf_sdh_ble.c.o
 .text.nrf_sdh_ble_evts_poll
                0x0000000000032b6c       0x58 _build/nrf52832_xxaa/nrf_sdh_ble.c.o
 .text.nrf_sdh_ble_default_cfg_set
                0x0000000000032bc4      0x178 _build/nrf52832_xxaa/nrf_sdh_ble.c.o
                0x0000000000032bc4                nrf_sdh_ble_default_cfg_set
 .text.nrf_sdh_ble_enable
                0x0000000000032d3c       0x9c _build/nrf52832_xxaa/nrf_sdh_ble.c.o
                0x0000000000032d3c                nrf_sdh_ble_enable
 .text.sd_evt_get
                0x0000000000032dd8        0x4 _build/nrf52832_xxaa/nrf_sdh_soc.c.o
 .text.nrf_sdh_soc_evts_poll
                0x0000000000032ddc       0x4c _build/nrf52832_xxaa/nrf_sdh_soc.c.o
 .text.exit     0x0000000000032e28       0x28 /home/sebastian/miniconda2/envs/Darkhorse/bin/../lib/gcc/arm-none-eabi/6.3.1/../../../../arm-none-eabi/lib/thumb/v7e-m/fpv4-sp/hard/libc_nano.a(lib_a-exit.o)
                0x0000000000032e28                exit
 .text.__libc_init_array
                0x0000000000032e50       0x48 /home/sebastian/miniconda2/envs/Darkhorse/bin/../lib/gcc/arm-none-eabi/6.3.1/../../../../arm-none-eabi/lib/thumb/v7e-m/fpv4-sp/hard/libc_nano.a(lib_a-init.o)
                0x0000000000032e50                __libc_init_array
 .text.__locale_ctype_ptr
                0x0000000000032e98       0x1c /home/sebastian/miniconda2/envs/Darkhorse/bin/../lib/gcc/arm-none-eabi/6.3.1/../../../../arm-none-eabi/lib/thumb/v7e-m/fpv4-sp/hard/libc_nano.a(lib_a-locale.o)
                0x0000000000032e98                __locale_ctype_ptr
 .text.__ascii_mbtowc
                0x0000000000032eb4       0x24 /home/sebastian/miniconda2/envs/Darkhorse/bin/../lib/gcc/arm-none-eabi/6.3.1/../../../../arm-none-eabi/lib/thumb/v7e-m/fpv4-sp/hard/libc_nano.a(lib_a-mbtowc_r.o)
                0x0000000000032eb4                __ascii_mbtowc
 .text.memcmp   0x0000000000032ed8       0x1e /home/sebastian/miniconda2/envs/Darkhorse/bin/../lib/gcc/arm-none-eabi/6.3.1/../../../../arm-none-eabi/lib/thumb/v7e-m/fpv4-sp/hard/libc_nano.a(lib_a-memcmp.o)
                0x0000000000032ed8                memcmp
 .text.memcpy   0x0000000000032ef6       0x16 /home/sebastian/miniconda2/envs/Darkhorse/bin/../lib/gcc/arm-none-eabi/6.3.1/../../../../arm-none-eabi/lib/thumb/v7e-m/fpv4-sp/hard/libc_nano.a(lib_a-memcpy-stub.o)
                0x0000000000032ef6                memcpy
 .text.memset   0x0000000000032f0c       0x10 /home/sebastian/miniconda2/envs/Darkhorse/bin/../lib/gcc/arm-none-eabi/6.3.1/../../../../arm-none-eabi/lib/thumb/v7e-m/fpv4-sp/hard/libc_nano.a(lib_a-memset.o)
                0x0000000000032f0c                memset
 .text          0x0000000000032f1c       0x10 /home/sebastian/miniconda2/envs/Darkhorse/bin/../lib/gcc/arm-none-eabi/6.3.1/../../../../arm-none-eabi/lib/thumb/v7e-m/fpv4-sp/hard/libc_nano.a(lib_a-strlen.o)
                0x0000000000032f1c                strlen
 .text.__ascii_wctomb
                0x0000000000032f2c       0x1a /home/sebastian/miniconda2/envs/Darkhorse/bin/../lib/gcc/arm-none-eabi/6.3.1/../../../../arm-none-eabi/lib/thumb/v7e-m/fpv4-sp/hard/libc_nano.a(lib_a-wctomb_r.o)
                0x0000000000032f2c                __ascii_wctomb
 *fill*         0x0000000000032f46        0x2 
 .text._exit    0x0000000000032f48        0x4 /home/sebastian/miniconda2/envs/Darkhorse/bin/../lib/gcc/arm-none-eabi/6.3.1/../../../../arm-none-eabi/lib/thumb/v7e-m/fpv4-sp/hard/libnosys.a(_exit.o)
                0x0000000000032f48                _exit
 .text          0x0000000000032f4c       0x30 /home/sebastian/miniconda2/envs/Darkhorse/bin/../lib/gcc/arm-none-eabi/6.3.1/thumb/v7e-m/fpv4-sp/hard/libgcc.a(_aeabi_uldivmod.o)
                0x0000000000032f4c                __aeabi_uldivmod
 .text          0x0000000000032f7c      0x2dc /home/sebastian/miniconda2/envs/Darkhorse/bin/../lib/gcc/arm-none-eabi/6.3.1/thumb/v7e-m/fpv4-sp/hard/libgcc.a(_udivmoddi4.o)
                0x0000000000032f7c                __udivmoddi4
 .text          0x0000000000033258        0x4 /home/sebastian/miniconda2/envs/Darkhorse/bin/../lib/gcc/arm-none-eabi/6.3.1/thumb/v7e-m/fpv4-sp/hard/libgcc.a(_dvmd_tls.o)
                0x0000000000033258                __aeabi_ldiv0
                0x0000000000033258                __aeabi_idiv0
 *(.init)
 .init          0x000000000003325c        0x4 /home/sebastian/miniconda2/envs/Darkhorse/bin/../lib/gcc/arm-none-eabi/6.3.1/thumb/v7e-m/fpv4-sp/hard/crti.o
                0x000000000003325c                _init
 .init          0x0000000000033260        0x8 /home/sebastian/miniconda2/envs/Darkhorse/bin/../lib/gcc/arm-none-eabi/6.3.1/thumb/v7e-m/fpv4-sp/hard/crtn.o
 *(.fini)
 .fini          0x0000000000033268        0x4 /home/sebastian/miniconda2/envs/Darkhorse/bin/../lib/gcc/arm-none-eabi/6.3.1/thumb/v7e-m/fpv4-sp/hard/crti.o
                0x0000000000033268                _fini
 .fini          0x000000000003326c        0x8 /home/sebastian/miniconda2/envs/Darkhorse/bin/../lib/gcc/arm-none-eabi/6.3.1/thumb/v7e-m/fpv4-sp/hard/crtn.o
 *crtbegin.o(.ctors)
 *crtbegin?.o(.ctors)
 *(EXCLUDE_FILE(*crtend.o *crtend?.o) .ctors)
 *(SORT(.ctors.*))
 *(.ctors)
 *crtbegin.o(.dtors)
 *crtbegin?.o(.dtors)
 *(EXCLUDE_FILE(*crtend.o *crtend?.o) .dtors)
 *(SORT(.dtors.*))
 *(.dtors)
 *(.rodata*)
 .rodata        0x0000000000033274       0x20 _build/nrf52832_xxaa/nrf_log_backend_uart.c.o
 .rodata.nrf_log_backend_uart_api
                0x0000000000033294        0xc _build/nrf52832_xxaa/nrf_log_backend_uart.c.o
                0x0000000000033294                nrf_log_backend_uart_api
 .rodata.str1.4
                0x00000000000332a0       0x11 _build/nrf52832_xxaa/nrf_log_default_backends.c.o
 *fill*         0x00000000000332b1        0x3 
 .rodata.m_log_push_ringbuf
                0x00000000000332b4        0xc _build/nrf52832_xxaa/nrf_log_frontend.c.o
 .rodata.nrf_log_frontend_dequeue.str1.4
                0x00000000000332c0       0x11 _build/nrf52832_xxaa/nrf_log_frontend.c.o
 *fill*         0x00000000000332d1        0x3 
 .rodata.str1.4
                0x00000000000332d4        0x4 _build/nrf52832_xxaa/nrf_log_frontend.c.o
 .rodata.m_colors
                0x00000000000332d8       0x24 _build/nrf52832_xxaa/nrf_log_str_formatter.c.o
 .rodata.nrf_log_hexdump_entry_process.str1.4
                0x00000000000332fc       0x13 _build/nrf52832_xxaa/nrf_log_str_formatter.c.o
                                         0x16 (size before relaxing)
 *fill*         0x000000000003330f        0x1 
 .rodata.nrf_log_std_entry_process.str1.4
                0x0000000000033310       0x37 _build/nrf52832_xxaa/nrf_log_str_formatter.c.o
                                         0x3b (size before relaxing)
 *fill*         0x0000000000033347        0x1 
 .rodata.severity_names
                0x0000000000033348       0x14 _build/nrf52832_xxaa/nrf_log_str_formatter.c.o
 .rodata.str1.4
                0x000000000003335c       0x56 _build/nrf52832_xxaa/nrf_log_str_formatter.c.o
 *fill*         0x00000000000333b2        0x2 
 .rodata.m_detection_delay_timer_id
                0x00000000000333b4        0x4 _build/nrf52832_xxaa/app_button.c.o
 .rodata.app_error_fault_handler.str1.4
                0x00000000000333b8       0x19 _build/nrf52832_xxaa/app_error_weak.c.o
 *fill*         0x00000000000333d1        0xf 
 .rodata.delay_machine_code.8598
                0x00000000000333e0        0x6 _build/nrf52832_xxaa/app_timer.c.o
 *fill*         0x00000000000333e6        0x2 
 .rodata.dirty_header.8927
                0x00000000000333e8        0x4 _build/nrf52832_xxaa/fds.c.o
 .rodata.page_tag_data.8800
                0x00000000000333ec        0x8 _build/nrf52832_xxaa/fds.c.o
 .rodata.page_tag_swap.8796
                0x00000000000333f4        0x8 _build/nrf52832_xxaa/fds.c.o
 .rodata._aV2C.7304
                0x00000000000333fc       0x10 _build/nrf52832_xxaa/nrf_fprintf_format.c.o
 .rodata.__func__.7476
                0x000000000003340c       0x12 _build/nrf52832_xxaa/nrf_fstorage.c.o
 *fill*         0x000000000003341e        0x2 
 .rodata.__func__.7497
                0x0000000000033420       0x13 _build/nrf52832_xxaa/nrf_fstorage.c.o
 *fill*         0x0000000000033433        0x1 
 .rodata.__func__.7504
                0x0000000000033434       0x13 _build/nrf52832_xxaa/nrf_fstorage.c.o
 *fill*         0x0000000000033447        0x1 
 .rodata.nrf_fstorage_erase.str1.4
                0x0000000000033448       0x77 _build/nrf52832_xxaa/nrf_fstorage.c.o
 *fill*         0x00000000000334bf        0x1 
 .rodata.nrf_fstorage_init.str1.4
                0x00000000000334c0       0x3a _build/nrf52832_xxaa/nrf_fstorage.c.o
 *fill*         0x00000000000334fa        0x2 
 .rodata.nrf_fstorage_read.str1.4
                0x00000000000334fc       0x4a _build/nrf52832_xxaa/nrf_fstorage.c.o
 *fill*         0x0000000000033546        0x2 
 .rodata.nrf_fstorage_uninit.str1.4
                0x0000000000033548        0xc _build/nrf52832_xxaa/nrf_fstorage.c.o
 .rodata.nrf_fstorage_write.str1.4
                0x0000000000033554       0x97 _build/nrf52832_xxaa/nrf_fstorage.c.o
 *fill*         0x00000000000335eb        0x1 
 .rodata.str1.4
                0x00000000000335ec        0xd _build/nrf52832_xxaa/nrf_fstorage.c.o
 *fill*         0x00000000000335f9        0x3 
 .rodata.m_flash_info
                0x00000000000335fc        0xc _build/nrf52832_xxaa/nrf_fstorage_sd.c.o
 .rodata.nrf_fstorage_sd
                0x0000000000033608       0x20 _build/nrf52832_xxaa/nrf_fstorage_sd.c.o
                0x0000000000033608                nrf_fstorage_sd
 .rodata.pwr_mgmt_data
                0x0000000000033628        0xc _build/nrf52832_xxaa/nrf_pwr_mgmt.c.o
 .rodata.str1.4
                0x0000000000033634        0x9 _build/nrf52832_xxaa/nrf_pwr_mgmt.c.o
 *fill*         0x000000000003363d        0x3 
 .rodata.m_unknown_str
                0x0000000000033640       0x13 _build/nrf52832_xxaa/nrf_strerror.c.o
 *fill*         0x0000000000033653        0x1 
 .rodata.nrf_strerror_array
                0x0000000000033654      0x128 _build/nrf52832_xxaa/nrf_strerror.c.o
 .rodata.str1.4
                0x000000000003377c      0x3e9 _build/nrf52832_xxaa/nrf_strerror.c.o
 *fill*         0x0000000000033b65        0x3 
 .rodata.m_board_btn_list
                0x0000000000033b68        0x4 _build/nrf52832_xxaa/boards.c.o
 .rodata.m_board_led_list
                0x0000000000033b6c        0x4 _build/nrf52832_xxaa/boards.c.o
 .rodata.str1.4
                0x0000000000033b70        0x6 _build/nrf52832_xxaa/nrf_drv_clock.c.o
 *fill*         0x0000000000033b76        0x2 
 .rodata.str1.4
                0x0000000000033b78        0x6 _build/nrf52832_xxaa/nrfx_clock.c.o
 *fill*         0x0000000000033b7e        0x2 
 .rodata.str1.4
                0x0000000000033b80        0x7 _build/nrf52832_xxaa/nrfx_gpiote.c.o
 *fill*         0x0000000000033b87        0x1 
 .rodata.str1.4
                0x0000000000033b88        0x4 _build/nrf52832_xxaa/nrfx_prs.c.o
 .rodata.str1.4
                0x0000000000033b8c        0x5 _build/nrf52832_xxaa/nrfx_uart.c.o
 *fill*         0x0000000000033b91        0x3 
 .rodata.str1.4
                0x0000000000033b94        0x6 _build/nrf52832_xxaa/nrfx_uarte.c.o
 *fill*         0x0000000000033b9a        0x2 
 .rodata.app_buttons
                0x0000000000033b9c       0x20 _build/nrf52832_xxaa/bsp.c.o
 .rodata.m_bsp_alert_tmr
                0x0000000000033bbc        0x4 _build/nrf52832_xxaa/bsp.c.o
 .rodata.m_bsp_button_tmr
                0x0000000000033bc0        0x4 _build/nrf52832_xxaa/bsp.c.o
 .rodata.m_bsp_leds_tmr
                0x0000000000033bc4        0x4 _build/nrf52832_xxaa/bsp.c.o
 .rodata.ble_evt_handler.str1.4
                0x0000000000033bc8       0x1b _build/nrf52832_xxaa/main.c.o
 *fill*         0x0000000000033be3        0x1 
 .rodata.main.str1.4
                0x0000000000033be4       0x39 _build/nrf52832_xxaa/main.c.o
 *fill*         0x0000000000033c1d        0x3 
 .rodata.on_adv_evt.str1.4
                0x0000000000033c20       0x12 _build/nrf52832_xxaa/main.c.o
 *fill*         0x0000000000033c32        0x2 
 .rodata        0x0000000000033c34        0x4 _build/nrf52832_xxaa/gatt_cache_manager.c.o
 .rodata.car_value_false.10709
                0x0000000000033c38        0x4 _build/nrf52832_xxaa/gatt_cache_manager.c.o
 .rodata.car_value_true.10708
                0x0000000000033c3c        0x4 _build/nrf52832_xxaa/gatt_cache_manager.c.o
 .rodata.db_update_pending_handle.str1.4
                0x0000000000033c40       0x75 _build/nrf52832_xxaa/gatt_cache_manager.c.o
 *fill*         0x0000000000033cb5        0x3 
 .rodata.gcm_ble_evt_handler.str1.4
                0x0000000000033cb8       0xb2 _build/nrf52832_xxaa/gatt_cache_manager.c.o
 *fill*         0x0000000000033d6a        0x2 
 .rodata.gcm_init.str1.4
                0x0000000000033d6c       0x6f _build/nrf52832_xxaa/gatt_cache_manager.c.o
 *fill*         0x0000000000033ddb        0x1 
 .rodata.local_db_apply_in_evt.str1.4
                0x0000000000033ddc       0xd1 _build/nrf52832_xxaa/gatt_cache_manager.c.o
 *fill*         0x0000000000033ead        0x3 
 .rodata.sc_send_pending_handle.str1.4
                0x0000000000033eb0       0x40 _build/nrf52832_xxaa/gatt_cache_manager.c.o
 .rodata.store_car_value.str1.4
                0x0000000000033ef0       0x5d _build/nrf52832_xxaa/gatt_cache_manager.c.o
 *fill*         0x0000000000033f4d        0x3 
 .rodata.str1.4
                0x0000000000033f50       0x11 _build/nrf52832_xxaa/gatt_cache_manager.c.o
 *fill*         0x0000000000033f61        0x3 
 .rodata        0x0000000000033f64       0x10 _build/nrf52832_xxaa/gatts_cache_manager.c.o
 .rodata.gscm_local_db_cache_apply.str1.4
                0x0000000000033f74       0x78 _build/nrf52832_xxaa/gatts_cache_manager.c.o
 .rodata.gscm_local_db_cache_update.str1.4
                0x0000000000033fec       0x7f _build/nrf52832_xxaa/gatts_cache_manager.c.o
 *fill*         0x000000000003406b        0x1 
 .rodata.gscm_service_changed_ind_send.str1.4
                0x000000000003406c       0x4c _build/nrf52832_xxaa/gatts_cache_manager.c.o
 .rodata.service_changed_pending.10412
                0x00000000000340b8        0x4 _build/nrf52832_xxaa/gatts_cache_manager.c.o
 .rodata.service_changed_pending.10469
                0x00000000000340bc        0x4 _build/nrf52832_xxaa/gatts_cache_manager.c.o
 .rodata.service_changed_pending_set.str1.4
                0x00000000000340c0       0x55 _build/nrf52832_xxaa/gatts_cache_manager.c.o
 *fill*         0x0000000000034115        0x3 
 .rodata.str1.4
                0x0000000000034118       0x12 _build/nrf52832_xxaa/gatts_cache_manager.c.o
 *fill*         0x000000000003412a        0x2 
 .rodata.str1.4
                0x000000000003412c       0x10 _build/nrf52832_xxaa/id_manager.c.o
 .rodata.nrf_ble_gatt_data_length_set.str1.4
                0x000000000003413c       0xe2 _build/nrf52832_xxaa/nrf_ble_gatt.c.o
 *fill*         0x000000000003421e        0x2 
 .rodata.nrf_ble_gatt_on_ble_evt.str1.4
                0x0000000000034220       0x63 _build/nrf52832_xxaa/nrf_ble_gatt.c.o
 *fill*         0x0000000000034283        0x1 
 .rodata.str1.4
                0x0000000000034284        0xd _build/nrf52832_xxaa/nrf_ble_gatt.c.o
 *fill*         0x0000000000034291        0x3 
 .rodata.pds_init.str1.4
                0x0000000000034294       0x82 _build/nrf52832_xxaa/peer_data_storage.c.o
 *fill*         0x0000000000034316        0x2 
 .rodata.pds_peer_data_store.str1.4
                0x0000000000034318       0x56 _build/nrf52832_xxaa/peer_data_storage.c.o
 *fill*         0x000000000003436e        0x2 
 .rodata.peer_data_delete_process.str1.4
                0x0000000000034370       0x4c _build/nrf52832_xxaa/peer_data_storage.c.o
 .rodata.str1.4
                0x00000000000343bc       0x11 _build/nrf52832_xxaa/peer_data_storage.c.o
 *fill*         0x00000000000343cd        0x3 
 .rodata.m_evt_handlers
                0x00000000000343d0       0x10 _build/nrf52832_xxaa/peer_database.c.o
 .rodata.pdb_init.str1.4
                0x00000000000343e0       0x1e _build/nrf52832_xxaa/peer_database.c.o
 *fill*         0x00000000000343fe        0x2 
 .rodata.pdb_pds_evt_handler.str1.4
                0x0000000000034400       0x60 _build/nrf52832_xxaa/peer_database.c.o
 .rodata.pdb_peer_free.str1.4
                0x0000000000034460       0x52 _build/nrf52832_xxaa/peer_database.c.o
 *fill*         0x00000000000344b2        0x2 
 .rodata.pdb_write_buf_get.str1.4
                0x00000000000344b4       0x74 _build/nrf52832_xxaa/peer_database.c.o
 .rodata.str1.4
                0x0000000000034528       0x11 _build/nrf52832_xxaa/peer_database.c.o
 *fill*         0x0000000000034539        0x3 
 .rodata.write_buf_store.str1.4
                0x000000000003453c       0x6f _build/nrf52832_xxaa/peer_database.c.o
 *fill*         0x00000000000345ab        0x1 
 .rodata        0x00000000000345ac        0x8 _build/nrf52832_xxaa/peer_manager.c.o
 .rodata.__func__.10788
                0x00000000000345b4        0x8 _build/nrf52832_xxaa/peer_manager.c.o
 .rodata.__func__.10971
                0x00000000000345bc       0x10 _build/nrf52832_xxaa/peer_manager.c.o
 .rodata.pm_init.str1.4
                0x00000000000345cc      0x107 _build/nrf52832_xxaa/peer_manager.c.o
 *fill*         0x00000000000346d3        0x1 
 .rodata.pm_peer_rank_highest.str1.4
                0x00000000000346d4       0x40 _build/nrf52832_xxaa/peer_manager.c.o
 .rodata.pm_peer_ranks_get.part.4.str1.4
                0x0000000000034714       0x48 _build/nrf52832_xxaa/peer_manager.c.o
 .rodata.pm_peers_delete.str1.4
                0x000000000003475c       0x48 _build/nrf52832_xxaa/peer_manager.c.o
 .rodata.str1.4
                0x00000000000347a4        0xd _build/nrf52832_xxaa/peer_manager.c.o
 *fill*         0x00000000000347b1        0x3 
 .rodata.m_data_action_str
                0x00000000000347b4        0x8 _build/nrf52832_xxaa/peer_manager_handler.c.o
 .rodata.m_data_id_str
                0x00000000000347bc       0x28 _build/nrf52832_xxaa/peer_manager_handler.c.o
 .rodata.m_roles_str
                0x00000000000347e4        0xc _build/nrf52832_xxaa/peer_manager_handler.c.o
 .rodata.m_sec_procedure_str
                0x00000000000347f0        0xc _build/nrf52832_xxaa/peer_manager_handler.c.o
 .rodata.pm_handler_flash_clean_on_return.str1.4
                0x00000000000347fc       0xa7 _build/nrf52832_xxaa/peer_manager_handler.c.o
 *fill*         0x00000000000348a3        0x1 
 .rodata.pm_handler_on_pm_evt.str1.4
                0x00000000000348a4      0x3df _build/nrf52832_xxaa/peer_manager_handler.c.o
 *fill*         0x0000000000034c83        0x1 
 .rodata.str1.4
                0x0000000000034c84      0x121 _build/nrf52832_xxaa/peer_manager_handler.c.o
 *fill*         0x0000000000034da5        0x3 
 .rodata.auth_status_success_process.str1.4
                0x0000000000034da8       0xe6 _build/nrf52832_xxaa/security_dispatcher.c.o
 *fill*         0x0000000000034e8e        0x2 
 .rodata.smd_ble_evt_handler.str1.4
                0x0000000000034e90      0x14c _build/nrf52832_xxaa/security_dispatcher.c.o
 .rodata.smd_init.str1.4
                0x0000000000034fdc       0x6f _build/nrf52832_xxaa/security_dispatcher.c.o
 .rodata.smd_params_reply.str1.4
                0x0000000000034fdc       0xb2 _build/nrf52832_xxaa/security_dispatcher.c.o
 *fill*         0x000000000003508e        0x2 
 .rodata.str1.4
                0x0000000000035090       0x11 _build/nrf52832_xxaa/security_dispatcher.c.o
 *fill*         0x00000000000350a1        0x3 
 .rodata.link_secure_pending_handle.str1.4
                0x00000000000350a4       0x55 _build/nrf52832_xxaa/security_manager.c.o
 *fill*         0x00000000000350f9        0x3 
 .rodata.params_reply_pending_handle.str1.4
                0x00000000000350fc      0x123 _build/nrf52832_xxaa/security_manager.c.o
 .rodata.sm_init.str1.4
                0x000000000003521f       0x6f _build/nrf52832_xxaa/security_manager.c.o
 *fill*         0x000000000003521f        0x1 
 .rodata.str1.4
                0x0000000000035220       0x10 _build/nrf52832_xxaa/security_manager.c.o
 .rodata        0x0000000000035230        0x4 _build/nrf52832_xxaa/nrf_sdh.c.o
 .rodata.sdh_req_observers
                0x0000000000035234        0xc _build/nrf52832_xxaa/nrf_sdh.c.o
 .rodata.sdh_stack_observers
                0x0000000000035240        0xc _build/nrf52832_xxaa/nrf_sdh.c.o
 .rodata.sdh_state_observers
                0x000000000003524c        0xc _build/nrf52832_xxaa/nrf_sdh.c.o
 .rodata.str1.4
                0x0000000000035258        0x8 _build/nrf52832_xxaa/nrf_sdh.c.o
 .rodata.nrf_sdh_ble_default_cfg_set.str1.4
                0x0000000000035260      0x187 _build/nrf52832_xxaa/nrf_sdh_ble.c.o
 *fill*         0x00000000000353e7        0x1 
 .rodata.nrf_sdh_ble_enable.str1.4
                0x00000000000353e8       0xad _build/nrf52832_xxaa/nrf_sdh_ble.c.o
 *fill*         0x0000000000035495        0x3 
 .rodata.sdh_ble_observers
                0x0000000000035498        0xc _build/nrf52832_xxaa/nrf_sdh_ble.c.o
 .rodata.str1.4
                0x00000000000354a4        0xc _build/nrf52832_xxaa/nrf_sdh_ble.c.o
 .rodata.sdh_soc_observers
                0x00000000000354b0        0xc _build/nrf52832_xxaa/nrf_sdh_soc.c.o
 .rodata.str1.4
                0x00000000000354bc        0xc _build/nrf52832_xxaa/nrf_sdh_soc.c.o
 .rodata._global_impure_ptr
                0x00000000000354c8        0x4 /home/sebastian/miniconda2/envs/Darkhorse/bin/../lib/gcc/arm-none-eabi/6.3.1/../../../../arm-none-eabi/lib/thumb/v7e-m/fpv4-sp/hard/libc_nano.a(lib_a-impure.o)
                0x00000000000354c8                _global_impure_ptr
 .rodata._setlocale_r.str1.1
                0x00000000000354cc        0x8 /home/sebastian/miniconda2/envs/Darkhorse/bin/../lib/gcc/arm-none-eabi/6.3.1/../../../../arm-none-eabi/lib/thumb/v7e-m/fpv4-sp/hard/libc_nano.a(lib_a-locale.o)
                                          0x9 (size before relaxing)
 .rodata.str1.1
                0x00000000000354d4        0x2 /home/sebastian/miniconda2/envs/Darkhorse/bin/../lib/gcc/arm-none-eabi/6.3.1/../../../../arm-none-eabi/lib/thumb/v7e-m/fpv4-sp/hard/libc_nano.a(lib_a-locale.o)
 .rodata._ctype_
                0x00000000000354d6      0x101 /home/sebastian/miniconda2/envs/Darkhorse/bin/../lib/gcc/arm-none-eabi/6.3.1/../../../../arm-none-eabi/lib/thumb/v7e-m/fpv4-sp/hard/libc_nano.a(lib_a-ctype_.o)
                0x00000000000354d6                _ctype_
 *(.eh_frame*)
 *fill*         0x00000000000355d7        0x1 
 .eh_frame      0x00000000000355d8        0x0 /home/sebastian/miniconda2/envs/Darkhorse/bin/../lib/gcc/arm-none-eabi/6.3.1/thumb/v7e-m/fpv4-sp/hard/crtbegin.o
 .eh_frame      0x00000000000355d8        0x4 /home/sebastian/miniconda2/envs/Darkhorse/bin/../lib/gcc/arm-none-eabi/6.3.1/thumb/v7e-m/fpv4-sp/hard/crtend.o

.glue_7         0x00000000000355dc        0x0
 .glue_7        0x00000000000355dc        0x0 linker stubs

.glue_7t        0x00000000000355dc        0x0
 .glue_7t       0x00000000000355dc        0x0 linker stubs

.vfp11_veneer   0x00000000000355dc        0x0
 .vfp11_veneer  0x00000000000355dc        0x0 linker stubs

.v4_bx          0x00000000000355dc        0x0
 .v4_bx         0x00000000000355dc        0x0 linker stubs

.iplt           0x00000000000355dc        0x0
 .iplt          0x00000000000355dc        0x0 /home/sebastian/miniconda2/envs/Darkhorse/bin/../lib/gcc/arm-none-eabi/6.3.1/thumb/v7e-m/fpv4-sp/hard/crtbegin.o

.mem_section_dummy_rom

.sdh_soc_observers
                0x00000000000355dc       0x18
                0x00000000000355dc                PROVIDE (__start_sdh_soc_observers, .)
 *(SORT(.sdh_soc_observers*))
 .sdh_soc_observers0
                0x00000000000355dc        0x8 _build/nrf52832_xxaa/nrf_fstorage_sd.c.o
 .sdh_soc_observers0
                0x00000000000355e4        0x8 _build/nrf52832_xxaa/nrf_drv_clock.c.o
 .sdh_soc_observers1
                0x00000000000355ec        0x8 _build/nrf52832_xxaa/main.c.o
                0x00000000000355f4                PROVIDE (__stop_sdh_soc_observers, .)

.pwr_mgmt_data  0x00000000000355f4        0x0
                0x00000000000355f4                PROVIDE (__start_pwr_mgmt_data, .)
 *(SORT(.pwr_mgmt_data*))
                0x00000000000355f4                PROVIDE (__stop_pwr_mgmt_data, .)

.sdh_ble_observers
                0x00000000000355f4       0x40
                0x00000000000355f4                PROVIDE (__start_sdh_ble_observers, .)
 *(SORT(.sdh_ble_observers*))
 .sdh_ble_observers0
                0x00000000000355f4        0x8 _build/nrf52832_xxaa/ble_conn_state.c.o
 .sdh_ble_observers1
                0x00000000000355fc        0x8 _build/nrf52832_xxaa/bsp_btn_ble.c.o
 .sdh_ble_observers1
                0x0000000000035604       0x10 _build/nrf52832_xxaa/main.c.o
 .sdh_ble_observers1
                0x0000000000035614        0x8 _build/nrf52832_xxaa/ble_conn_params.c.o
 .sdh_ble_observers1
                0x000000000003561c        0x8 _build/nrf52832_xxaa/peer_manager.c.o
 .sdh_ble_observers2
                0x0000000000035624        0x8 _build/nrf52832_xxaa/main.c.o
 .sdh_ble_observers3
                0x000000000003562c        0x8 _build/nrf52832_xxaa/main.c.o
                0x0000000000035634                PROVIDE (__stop_sdh_ble_observers, .)

.sdh_req_observers
                0x0000000000035634        0x8
                0x0000000000035634                PROVIDE (__start_sdh_req_observers, .)
 *(SORT(.sdh_req_observers*))
 .sdh_req_observers0
                0x0000000000035634        0x8 _build/nrf52832_xxaa/nrf_fstorage_sd.c.o
                0x0000000000035634                m_req_obs
                0x000000000003563c                PROVIDE (__stop_sdh_req_observers, .)

.sdh_state_observers
                0x000000000003563c       0x10
                0x000000000003563c                PROVIDE (__start_sdh_state_observers, .)
 *(SORT(.sdh_state_observers*))
 .sdh_state_observers0
                0x000000000003563c        0x8 _build/nrf52832_xxaa/nrf_fstorage_sd.c.o
 .sdh_state_observers0
                0x0000000000035644        0x8 _build/nrf52832_xxaa/nrf_drv_clock.c.o
                0x000000000003564c                PROVIDE (__stop_sdh_state_observers, .)

.sdh_stack_observers
                0x000000000003564c       0x10
                0x000000000003564c                PROVIDE (__start_sdh_stack_observers, .)
 *(SORT(.sdh_stack_observers*))
 .sdh_stack_observers0
                0x000000000003564c        0x8 _build/nrf52832_xxaa/nrf_sdh_ble.c.o
 .sdh_stack_observers0
                0x0000000000035654        0x8 _build/nrf52832_xxaa/nrf_sdh_soc.c.o
                0x000000000003565c                PROVIDE (__stop_sdh_stack_observers, .)

.nrf_queue      0x000000000003565c        0x0
                [!provide]                        PROVIDE (__start_nrf_queue, .)
 *(.nrf_queue)
                [!provide]                        PROVIDE (__stop_nrf_queue, .)

.nrf_balloc     0x000000000003565c       0x14
                [!provide]                        PROVIDE (__start_nrf_balloc, .)
 *(.nrf_balloc)
 .nrf_balloc    0x000000000003565c       0x14 _build/nrf52832_xxaa/nrf_log_frontend.c.o
                0x000000000003565c                log_mempool
                [!provide]                        PROVIDE (__stop_nrf_balloc, .)

.cli_command    0x0000000000035670        0x0
                [!provide]                        PROVIDE (__start_cli_command, .)
 *(.cli_command)
                [!provide]                        PROVIDE (__stop_cli_command, .)

.crypto_data    0x0000000000035670        0x0
                [!provide]                        PROVIDE (__start_crypto_data, .)
 *(SORT(.crypto_data*))
                [!provide]                        PROVIDE (__stop_crypto_data, .)

.log_const_data
                0x0000000000035670       0xb0
                0x0000000000035670                PROVIDE (__start_log_const_data, .)
 *(SORT(.log_const_data*))
 .log_const_data_CLOCK
                0x0000000000035670        0x8 _build/nrf52832_xxaa/nrfx_clock.c.o
                0x0000000000035670                m_nrf_log_CLOCK_logs_data_const
 .log_const_data_GPIOTE
                0x0000000000035678        0x8 _build/nrf52832_xxaa/nrfx_gpiote.c.o
                0x0000000000035678                m_nrf_log_GPIOTE_logs_data_const
 .log_const_data_PRS
                0x0000000000035680        0x8 _build/nrf52832_xxaa/nrfx_prs.c.o
                0x0000000000035680                m_nrf_log_PRS_logs_data_const
 .log_const_data_UART
                0x0000000000035688        0x8 _build/nrf52832_xxaa/nrfx_uart.c.o
                0x0000000000035688                m_nrf_log_UART_logs_data_const
 .log_const_data_UARTE
                0x0000000000035690        0x8 _build/nrf52832_xxaa/nrfx_uarte.c.o
                0x0000000000035690                m_nrf_log_UARTE_logs_data_const
 .log_const_data_app
                0x0000000000035698        0x8 _build/nrf52832_xxaa/nrf_log_frontend.c.o
                0x0000000000035698                m_nrf_log_app_logs_data_const
 .log_const_data_clock
                0x00000000000356a0        0x8 _build/nrf52832_xxaa/nrf_drv_clock.c.o
                0x00000000000356a0                m_nrf_log_clock_logs_data_const
 .log_const_data_nrf_ble_gatt
                0x00000000000356a8        0x8 _build/nrf52832_xxaa/nrf_ble_gatt.c.o
                0x00000000000356a8                m_nrf_log_nrf_ble_gatt_logs_data_const
 .log_const_data_nrf_fstorage
                0x00000000000356b0        0x8 _build/nrf52832_xxaa/nrf_fstorage.c.o
                0x00000000000356b0                m_nrf_log_nrf_fstorage_logs_data_const
 .log_const_data_nrf_sdh
                0x00000000000356b8        0x8 _build/nrf52832_xxaa/nrf_sdh.c.o
                0x00000000000356b8                m_nrf_log_nrf_sdh_logs_data_const
 .log_const_data_nrf_sdh_ble
                0x00000000000356c0        0x8 _build/nrf52832_xxaa/nrf_sdh_ble.c.o
                0x00000000000356c0                m_nrf_log_nrf_sdh_ble_logs_data_const
 .log_const_data_nrf_sdh_soc
                0x00000000000356c8        0x8 _build/nrf52832_xxaa/nrf_sdh_soc.c.o
                0x00000000000356c8                m_nrf_log_nrf_sdh_soc_logs_data_const
 .log_const_data_peer_manager
                0x00000000000356d0        0x8 _build/nrf52832_xxaa/peer_manager.c.o
                0x00000000000356d0                m_nrf_log_peer_manager_logs_data_const
 .log_const_data_peer_manager_gcm
                0x00000000000356d8        0x8 _build/nrf52832_xxaa/gatt_cache_manager.c.o
                0x00000000000356d8                m_nrf_log_peer_manager_gcm_logs_data_const
 .log_const_data_peer_manager_gscm
                0x00000000000356e0        0x8 _build/nrf52832_xxaa/gatts_cache_manager.c.o
                0x00000000000356e0                m_nrf_log_peer_manager_gscm_logs_data_const
 .log_const_data_peer_manager_handler
                0x00000000000356e8        0x8 _build/nrf52832_xxaa/peer_manager_handler.c.o
                0x00000000000356e8                m_nrf_log_peer_manager_handler_logs_data_const
 .log_const_data_peer_manager_im
                0x00000000000356f0        0x8 _build/nrf52832_xxaa/id_manager.c.o
                0x00000000000356f0                m_nrf_log_peer_manager_im_logs_data_const
 .log_const_data_peer_manager_pdb
                0x00000000000356f8        0x8 _build/nrf52832_xxaa/peer_database.c.o
                0x00000000000356f8                m_nrf_log_peer_manager_pdb_logs_data_const
 .log_const_data_peer_manager_pds
                0x0000000000035700        0x8 _build/nrf52832_xxaa/peer_data_storage.c.o
                0x0000000000035700                m_nrf_log_peer_manager_pds_logs_data_const
 .log_const_data_peer_manager_sm
                0x0000000000035708        0x8 _build/nrf52832_xxaa/security_manager.c.o
                0x0000000000035708                m_nrf_log_peer_manager_sm_logs_data_const
 .log_const_data_peer_manager_smd
                0x0000000000035710        0x8 _build/nrf52832_xxaa/security_dispatcher.c.o
                0x0000000000035710                m_nrf_log_peer_manager_smd_logs_data_const
 .log_const_data_pwr_mgmt
                0x0000000000035718        0x8 _build/nrf52832_xxaa/nrf_pwr_mgmt.c.o
                0x0000000000035718                m_nrf_log_pwr_mgmt_logs_data_const
                0x0000000000035720                PROVIDE (__stop_log_const_data, .)

.log_backends   0x0000000000035720       0x10
                [!provide]                        PROVIDE (__start_log_backends, .)
 *(SORT(.log_backends*))
 .log_backends  0x0000000000035720       0x10 _build/nrf52832_xxaa/nrf_log_default_backends.c.o
                [!provide]                        PROVIDE (__stop_log_backends, .)

.ARM.extab
 *(.ARM.extab* .gnu.linkonce.armextab.*)
                0x0000000000035730                __exidx_start = .

.ARM.exidx      0x0000000000035730        0x8
 *(.ARM.exidx* .gnu.linkonce.armexidx.*)
 .ARM.exidx     0x0000000000035730        0x8 /home/sebastian/miniconda2/envs/Darkhorse/bin/../lib/gcc/arm-none-eabi/6.3.1/../../../../arm-none-eabi/lib/thumb/v7e-m/fpv4-sp/hard/crt0.o
 .ARM.exidx     0x0000000000035738        0x0 /home/sebastian/miniconda2/envs/Darkhorse/bin/../lib/gcc/arm-none-eabi/6.3.1/thumb/v7e-m/fpv4-sp/hard/libgcc.a(_udivmoddi4.o)
                                          0x8 (size before relaxing)
                0x0000000000035738                __exidx_end = .
                0x0000000000035738                __etext = .

.rel.dyn        0x0000000000035738        0x0
 .rel.iplt      0x0000000000035738        0x0 /home/sebastian/miniconda2/envs/Darkhorse/bin/../lib/gcc/arm-none-eabi/6.3.1/thumb/v7e-m/fpv4-sp/hard/crtbegin.o

.data           0x0000000020002218      0x21c load address 0x0000000000035738
                0x0000000020002218                __data_start__ = .
 *(vtable)
 *(.data*)
 .data.m_uart   0x0000000020002218       0x14 _build/nrf52832_xxaa/nrf_log_backend_uart.c.o
                0x0000000020002218                m_uart
 .data.log_backend_cb_uart_log_backend
                0x000000002000222c        0x8 _build/nrf52832_xxaa/nrf_log_default_backends.c.o
 .data.SystemCoreClock
                0x0000000020002234        0x4 _build/nrf52832_xxaa/system_nrf52.c.o
                0x0000000020002234                SystemCoreClock
 .data.m_adv_uuids
                0x0000000020002238        0x4 _build/nrf52832_xxaa/main.c.o
 .data.m_conn_handle
                0x000000002000223c        0x2 _build/nrf52832_xxaa/main.c.o
 *fill*         0x000000002000223e        0x2 
 .data.rank_queue.10753
                0x0000000020002240       0x10 _build/nrf52832_xxaa/peer_manager_handler.c.o
 .data.m_flag_allow_repairing
                0x0000000020002250        0x1 _build/nrf52832_xxaa/security_dispatcher.c.o
 .data.m_flag_sec_proc
                0x0000000020002251        0x1 _build/nrf52832_xxaa/security_dispatcher.c.o
 .data.m_flag_sec_proc_bonding
                0x0000000020002252        0x1 _build/nrf52832_xxaa/security_dispatcher.c.o
 .data.m_flag_sec_proc_pairing
                0x0000000020002253        0x1 _build/nrf52832_xxaa/security_dispatcher.c.o
 .data.m_flag_link_secure_force_repairing
                0x0000000020002254        0x1 _build/nrf52832_xxaa/security_manager.c.o
 .data.m_flag_link_secure_null_params
                0x0000000020002255        0x1 _build/nrf52832_xxaa/security_manager.c.o
 .data.m_flag_link_secure_pending_busy
                0x0000000020002256        0x1 _build/nrf52832_xxaa/security_manager.c.o
 .data.m_flag_params_reply_pending_busy
                0x0000000020002257        0x1 _build/nrf52832_xxaa/security_manager.c.o
 .data._impure_ptr
                0x0000000020002258        0x4 /home/sebastian/miniconda2/envs/Darkhorse/bin/../lib/gcc/arm-none-eabi/6.3.1/../../../../arm-none-eabi/lib/thumb/v7e-m/fpv4-sp/hard/libc_nano.a(lib_a-impure.o)
                0x0000000020002258                _impure_ptr
 .data.impure_data
                0x000000002000225c       0x60 /home/sebastian/miniconda2/envs/Darkhorse/bin/../lib/gcc/arm-none-eabi/6.3.1/../../../../arm-none-eabi/lib/thumb/v7e-m/fpv4-sp/hard/libc_nano.a(lib_a-impure.o)
 .data.__global_locale
                0x00000000200022bc      0x16c /home/sebastian/miniconda2/envs/Darkhorse/bin/../lib/gcc/arm-none-eabi/6.3.1/../../../../arm-none-eabi/lib/thumb/v7e-m/fpv4-sp/hard/libc_nano.a(lib_a-locale.o)
                0x00000000200022bc                __global_locale
                0x0000000020002428                . = ALIGN (0x4)
                0x0000000020002428                PROVIDE (__preinit_array_start, .)
 *(.preinit_array)
                0x0000000020002428                PROVIDE (__preinit_array_end, .)
                0x0000000020002428                . = ALIGN (0x4)
                0x0000000020002428                PROVIDE (__init_array_start, .)
 *(SORT(.init_array.*))
 *(.init_array)
 .init_array    0x0000000020002428        0x4 /home/sebastian/miniconda2/envs/Darkhorse/bin/../lib/gcc/arm-none-eabi/6.3.1/thumb/v7e-m/fpv4-sp/hard/crtbegin.o
                0x000000002000242c                PROVIDE (__init_array_end, .)
                0x000000002000242c                . = ALIGN (0x4)
                [!provide]                        PROVIDE (__fini_array_start, .)
 *(SORT(.fini_array.*))
 *(.fini_array)
 .fini_array    0x000000002000242c        0x4 /home/sebastian/miniconda2/envs/Darkhorse/bin/../lib/gcc/arm-none-eabi/6.3.1/thumb/v7e-m/fpv4-sp/hard/crtbegin.o
                [!provide]                        PROVIDE (__fini_array_end, .)
 *(.jcr*)