Archive member included to satisfy reference by file (symbol)

/Users/sebastianene/Downloads/toolchain/gcc-arm-none-eabi-8-2018-q4-major/bin/../lib/gcc/arm-none-eabi/8.2.1/../../../../arm-none-eabi/lib/thumb/v7e-m+fp/hard/libc_nano.a(lib_a-exit.o)
                              /Users/sebastianene/Downloads/toolchain/gcc-arm-none-eabi-8-2018-q4-major/bin/../lib/gcc/arm-none-eabi/8.2.1/../../../../arm-none-eabi/lib/thumb/v7e-m+fp/hard/crt0.o (exit)
/Users/sebastianene/Downloads/toolchain/gcc-arm-none-eabi-8-2018-q4-major/bin/../lib/gcc/arm-none-eabi/8.2.1/../../../../arm-none-eabi/lib/thumb/v7e-m+fp/hard/libc_nano.a(lib_a-impure.o)
                              /Users/sebastianene/Downloads/toolchain/gcc-arm-none-eabi-8-2018-q4-major/bin/../lib/gcc/arm-none-eabi/8.2.1/../../../../arm-none-eabi/lib/thumb/v7e-m+fp/hard/libc_nano.a(lib_a-exit.o) (_global_impure_ptr)
/Users/sebastianene/Downloads/toolchain/gcc-arm-none-eabi-8-2018-q4-major/bin/../lib/gcc/arm-none-eabi/8.2.1/../../../../arm-none-eabi/lib/thumb/v7e-m+fp/hard/libc_nano.a(lib_a-init.o)
                              /Users/sebastianene/Downloads/toolchain/gcc-arm-none-eabi-8-2018-q4-major/bin/../lib/gcc/arm-none-eabi/8.2.1/../../../../arm-none-eabi/lib/thumb/v7e-m+fp/hard/crt0.o (__libc_init_array)
/Users/sebastianene/Downloads/toolchain/gcc-arm-none-eabi-8-2018-q4-major/bin/../lib/gcc/arm-none-eabi/8.2.1/../../../../arm-none-eabi/lib/thumb/v7e-m+fp/hard/libc_nano.a(lib_a-memset.o)
                              /Users/sebastianene/Downloads/toolchain/gcc-arm-none-eabi-8-2018-q4-major/bin/../lib/gcc/arm-none-eabi/8.2.1/../../../../arm-none-eabi/lib/thumb/v7e-m+fp/hard/crt0.o (memset)
/Users/sebastianene/Downloads/toolchain/gcc-arm-none-eabi-8-2018-q4-major/bin/../lib/gcc/arm-none-eabi/8.2.1/../../../../arm-none-eabi/lib/thumb/v7e-m+fp/hard/libnosys.a(_exit.o)
                              /Users/sebastianene/Downloads/toolchain/gcc-arm-none-eabi-8-2018-q4-major/bin/../lib/gcc/arm-none-eabi/8.2.1/../../../../arm-none-eabi/lib/thumb/v7e-m+fp/hard/libc_nano.a(lib_a-exit.o) (_exit)
/Users/sebastianene/Downloads/toolchain/gcc-arm-none-eabi-8-2018-q4-major/bin/../lib/gcc/arm-none-eabi/8.2.1/../../../../arm-none-eabi/lib/thumb/v7e-m+fp/hard/libc_nano.a(lib_a-memcmp.o)
                              _build/main.o (memcmp)
/Users/sebastianene/Downloads/toolchain/gcc-arm-none-eabi-8-2018-q4-major/bin/../lib/gcc/arm-none-eabi/8.2.1/../../../../arm-none-eabi/lib/thumb/v7e-m+fp/hard/libc_nano.a(lib_a-memcpy-stub.o)
                              _build/app_scheduler.o (memcpy)
/Users/sebastianene/Downloads/toolchain/gcc-arm-none-eabi-8-2018-q4-major/bin/../lib/gcc/arm-none-eabi/8.2.1/../../../../arm-none-eabi/lib/thumb/v7e-m+fp/hard/libc_nano.a(lib_a-strlen.o)
                              _build/main.o (strlen)

Allocating common symbols
Common symbol       size              file

__stdin             0x68              _build/retarget.o
__stdout            0x68              _build/retarget.o

Discarded input sections

 .text          0x0000000000000000        0x0 /Users/sebastianene/Downloads/toolchain/gcc-arm-none-eabi-8-2018-q4-major/bin/../lib/gcc/arm-none-eabi/8.2.1/thumb/v7e-m+fp/hard/crti.o
 .data          0x0000000000000000        0x0 /Users/sebastianene/Downloads/toolchain/gcc-arm-none-eabi-8-2018-q4-major/bin/../lib/gcc/arm-none-eabi/8.2.1/thumb/v7e-m+fp/hard/crti.o
 .bss           0x0000000000000000        0x0 /Users/sebastianene/Downloads/toolchain/gcc-arm-none-eabi-8-2018-q4-major/bin/../lib/gcc/arm-none-eabi/8.2.1/thumb/v7e-m+fp/hard/crti.o
 .text          0x0000000000000000       0x40 /Users/sebastianene/Downloads/toolchain/gcc-arm-none-eabi-8-2018-q4-major/bin/../lib/gcc/arm-none-eabi/8.2.1/thumb/v7e-m+fp/hard/crtbegin.o
 .data          0x0000000000000000        0x4 /Users/sebastianene/Downloads/toolchain/gcc-arm-none-eabi-8-2018-q4-major/bin/../lib/gcc/arm-none-eabi/8.2.1/thumb/v7e-m+fp/hard/crtbegin.o
 .bss           0x0000000000000000       0x1c /Users/sebastianene/Downloads/toolchain/gcc-arm-none-eabi-8-2018-q4-major/bin/../lib/gcc/arm-none-eabi/8.2.1/thumb/v7e-m+fp/hard/crtbegin.o
 .init_array    0x0000000000000000        0x4 /Users/sebastianene/Downloads/toolchain/gcc-arm-none-eabi-8-2018-q4-major/bin/../lib/gcc/arm-none-eabi/8.2.1/thumb/v7e-m+fp/hard/crtbegin.o
 .fini_array    0x0000000000000000        0x4 /Users/sebastianene/Downloads/toolchain/gcc-arm-none-eabi-8-2018-q4-major/bin/../lib/gcc/arm-none-eabi/8.2.1/thumb/v7e-m+fp/hard/crtbegin.o
 .eh_frame      0x0000000000000000        0x0 /Users/sebastianene/Downloads/toolchain/gcc-arm-none-eabi-8-2018-q4-major/bin/../lib/gcc/arm-none-eabi/8.2.1/thumb/v7e-m+fp/hard/crtbegin.o
 .ARM.attributes
                0x0000000000000000       0x34 /Users/sebastianene/Downloads/toolchain/gcc-arm-none-eabi-8-2018-q4-major/bin/../lib/gcc/arm-none-eabi/8.2.1/thumb/v7e-m+fp/hard/crtbegin.o
 .data          0x0000000000000000        0x0 /Users/sebastianene/Downloads/toolchain/gcc-arm-none-eabi-8-2018-q4-major/bin/../lib/gcc/arm-none-eabi/8.2.1/../../../../arm-none-eabi/lib/thumb/v7e-m+fp/hard/crt0.o
 .bss           0x0000000000000000        0x0 /Users/sebastianene/Downloads/toolchain/gcc-arm-none-eabi-8-2018-q4-major/bin/../lib/gcc/arm-none-eabi/8.2.1/../../../../arm-none-eabi/lib/thumb/v7e-m+fp/hard/crt0.o
 .ARM.extab     0x0000000000000000        0x0 /Users/sebastianene/Downloads/toolchain/gcc-arm-none-eabi-8-2018-q4-major/bin/../lib/gcc/arm-none-eabi/8.2.1/../../../../arm-none-eabi/lib/thumb/v7e-m+fp/hard/crt0.o
 .text          0x0000000000000000        0x0 /Users/sebastianene/Downloads/toolchain/gcc-arm-none-eabi-8-2018-q4-major/bin/../lib/gcc/arm-none-eabi/8.2.1/../../../../arm-none-eabi/lib/thumb/v7e-m+fp/hard/libc_nano.a(lib_a-exit.o)
 .data          0x0000000000000000        0x0 /Users/sebastianene/Downloads/toolchain/gcc-arm-none-eabi-8-2018-q4-major/bin/../lib/gcc/arm-none-eabi/8.2.1/../../../../arm-none-eabi/lib/thumb/v7e-m+fp/hard/libc_nano.a(lib_a-exit.o)
 .bss           0x0000000000000000        0x0 /Users/sebastianene/Downloads/toolchain/gcc-arm-none-eabi-8-2018-q4-major/bin/../lib/gcc/arm-none-eabi/8.2.1/../../../../arm-none-eabi/lib/thumb/v7e-m+fp/hard/libc_nano.a(lib_a-exit.o)
 .text          0x0000000000000000        0x0 /Users/sebastianene/Downloads/toolchain/gcc-arm-none-eabi-8-2018-q4-major/bin/../lib/gcc/arm-none-eabi/8.2.1/../../../../arm-none-eabi/lib/thumb/v7e-m+fp/hard/libc_nano.a(lib_a-impure.o)
 .data          0x0000000000000000        0x0 /Users/sebastianene/Downloads/toolchain/gcc-arm-none-eabi-8-2018-q4-major/bin/../lib/gcc/arm-none-eabi/8.2.1/../../../../arm-none-eabi/lib/thumb/v7e-m+fp/hard/libc_nano.a(lib_a-impure.o)
 .bss           0x0000000000000000        0x0 /Users/sebastianene/Downloads/toolchain/gcc-arm-none-eabi-8-2018-q4-major/bin/../lib/gcc/arm-none-eabi/8.2.1/../../../../arm-none-eabi/lib/thumb/v7e-m+fp/hard/libc_nano.a(lib_a-impure.o)
 .data._impure_ptr
                0x0000000000000000        0x4 /Users/sebastianene/Downloads/toolchain/gcc-arm-none-eabi-8-2018-q4-major/bin/../lib/gcc/arm-none-eabi/8.2.1/../../../../arm-none-eabi/lib/thumb/v7e-m+fp/hard/libc_nano.a(lib_a-impure.o)
 .text          0x0000000000000000        0x0 /Users/sebastianene/Downloads/toolchain/gcc-arm-none-eabi-8-2018-q4-major/bin/../lib/gcc/arm-none-eabi/8.2.1/../../../../arm-none-eabi/lib/thumb/v7e-m+fp/hard/libc_nano.a(lib_a-init.o)
 .data          0x0000000000000000        0x0 /Users/sebastianene/Downloads/toolchain/gcc-arm-none-eabi-8-2018-q4-major/bin/../lib/gcc/arm-none-eabi/8.2.1/../../../../arm-none-eabi/lib/thumb/v7e-m+fp/hard/libc_nano.a(lib_a-init.o)
 .bss           0x0000000000000000        0x0 /Users/sebastianene/Downloads/toolchain/gcc-arm-none-eabi-8-2018-q4-major/bin/../lib/gcc/arm-none-eabi/8.2.1/../../../../arm-none-eabi/lib/thumb/v7e-m+fp/hard/libc_nano.a(lib_a-init.o)
 .text          0x0000000000000000        0x0 /Users/sebastianene/Downloads/toolchain/gcc-arm-none-eabi-8-2018-q4-major/bin/../lib/gcc/arm-none-eabi/8.2.1/../../../../arm-none-eabi/lib/thumb/v7e-m+fp/hard/libc_nano.a(lib_a-memset.o)
 .data          0x0000000000000000        0x0 /Users/sebastianene/Downloads/toolchain/gcc-arm-none-eabi-8-2018-q4-major/bin/../lib/gcc/arm-none-eabi/8.2.1/../../../../arm-none-eabi/lib/thumb/v7e-m+fp/hard/libc_nano.a(lib_a-memset.o)
 .bss           0x0000000000000000        0x0 /Users/sebastianene/Downloads/toolchain/gcc-arm-none-eabi-8-2018-q4-major/bin/../lib/gcc/arm-none-eabi/8.2.1/../../../../arm-none-eabi/lib/thumb/v7e-m+fp/hard/libc_nano.a(lib_a-memset.o)
 .text          0x0000000000000000        0x0 /Users/sebastianene/Downloads/toolchain/gcc-arm-none-eabi-8-2018-q4-major/bin/../lib/gcc/arm-none-eabi/8.2.1/../../../../arm-none-eabi/lib/thumb/v7e-m+fp/hard/libnosys.a(_exit.o)
 .data          0x0000000000000000        0x0 /Users/sebastianene/Downloads/toolchain/gcc-arm-none-eabi-8-2018-q4-major/bin/../lib/gcc/arm-none-eabi/8.2.1/../../../../arm-none-eabi/lib/thumb/v7e-m+fp/hard/libnosys.a(_exit.o)
 .bss           0x0000000000000000        0x0 /Users/sebastianene/Downloads/toolchain/gcc-arm-none-eabi-8-2018-q4-major/bin/../lib/gcc/arm-none-eabi/8.2.1/../../../../arm-none-eabi/lib/thumb/v7e-m+fp/hard/libnosys.a(_exit.o)
 .text          0x0000000000000000        0x0 _build/app_button.o
 .data          0x0000000000000000        0x0 _build/app_button.o
 .bss           0x0000000000000000        0x0 _build/app_button.o
 .text.app_button_disable
                0x0000000000000000       0x38 _build/app_button.o
 .text.app_button_is_pushed
                0x0000000000000000       0x34 _build/app_button.o
 .text          0x0000000000000000        0x0 _build/app_error.o
 .data          0x0000000000000000        0x0 _build/app_error.o
 .bss           0x0000000000000000        0x0 _build/app_error.o
 .text          0x0000000000000000        0x0 _build/app_scheduler.o
 .data          0x0000000000000000        0x0 _build/app_scheduler.o
 .bss           0x0000000000000000        0x0 _build/app_scheduler.o
 .text          0x0000000000000000        0x0 _build/app_timer.o
 .data          0x0000000000000000        0x0 _build/app_timer.o
 .bss           0x0000000000000000        0x0 _build/app_timer.o
 .text.app_timer_stop_all
                0x0000000000000000       0xac _build/app_timer.o
 .text.app_timer_cnt_get
                0x0000000000000000       0x10 _build/app_timer.o
 .text.app_timer_cnt_diff_compute
                0x0000000000000000        0xc _build/app_timer.o
 .text          0x0000000000000000        0x0 _build/app_timer_appsh.o
 .data          0x0000000000000000        0x0 _build/app_timer_appsh.o
 .bss           0x0000000000000000        0x0 _build/app_timer_appsh.o
 .text          0x0000000000000000        0x0 _build/app_trace.o
 .data          0x0000000000000000        0x0 _build/app_trace.o
 .bss           0x0000000000000000        0x0 _build/app_trace.o
 .comment       0x0000000000000000       0x76 _build/app_trace.o
 .ARM.attributes
                0x0000000000000000       0x39 _build/app_trace.o
 .text          0x0000000000000000        0x0 _build/nrf_assert.o
 .data          0x0000000000000000        0x0 _build/nrf_assert.o
 .bss           0x0000000000000000        0x0 _build/nrf_assert.o
 .comment       0x0000000000000000       0x76 _build/nrf_assert.o
 .ARM.attributes
                0x0000000000000000       0x39 _build/nrf_assert.o
 .text          0x0000000000000000        0x0 _build/retarget.o
 .data          0x0000000000000000        0x0 _build/retarget.o
 .bss           0x0000000000000000        0x0 _build/retarget.o
 .text._write   0x0000000000000000       0x1c _build/retarget.o
 .text._read    0x0000000000000000       0x14 _build/retarget.o
 .comment       0x0000000000000000       0x76 _build/retarget.o
 .ARM.attributes
                0x0000000000000000       0x34 _build/retarget.o
 COMMON         0x0000000000000000       0xd0 _build/retarget.o
 .text          0x0000000000000000        0x0 _build/app_uart.o
 .data          0x0000000000000000        0x0 _build/app_uart.o
 .bss           0x0000000000000000        0x0 _build/app_uart.o
 .text.uart_event_handler
                0x0000000000000000       0x68 _build/app_uart.o
 .text.app_uart_init
                0x0000000000000000       0xac _build/app_uart.o
 .text.app_uart_get
                0x0000000000000000       0x1c _build/app_uart.o
 .text.app_uart_put
                0x0000000000000000       0x1c _build/app_uart.o
 .text.app_uart_flush
                0x0000000000000000        0x4 _build/app_uart.o
 .text.app_uart_close
                0x0000000000000000        0xc _build/app_uart.o
 .rodata        0x0000000000000000       0x20 _build/app_uart.o
 .bss.m_event_handler
                0x0000000000000000        0x4 _build/app_uart.o
 .bss.rx_buffer
                0x0000000000000000        0x1 _build/app_uart.o
 .bss.rx_done   0x0000000000000000        0x1 _build/app_uart.o
 .bss.tx_buffer
                0x0000000000000000        0x1 _build/app_uart.o
 .comment       0x0000000000000000       0x76 _build/app_uart.o
 .ARM.attributes
                0x0000000000000000       0x34 _build/app_uart.o
 .text          0x0000000000000000        0x0 _build/nrf_delay.o
 .data          0x0000000000000000        0x0 _build/nrf_delay.o
 .bss           0x0000000000000000        0x0 _build/nrf_delay.o
 .text.nrf_delay_ms
                0x0000000000000000       0x98 _build/nrf_delay.o
 .comment       0x0000000000000000       0x76 _build/nrf_delay.o
 .ARM.attributes
                0x0000000000000000       0x34 _build/nrf_delay.o
 .text          0x0000000000000000        0x0 _build/nrf_drv_common.o
 .data          0x0000000000000000        0x0 _build/nrf_drv_common.o
 .bss           0x0000000000000000        0x0 _build/nrf_drv_common.o
 .text          0x0000000000000000        0x0 _build/nrf_drv_gpiote.o
 .data          0x0000000000000000        0x0 _build/nrf_drv_gpiote.o
 .bss           0x0000000000000000        0x0 _build/nrf_drv_gpiote.o
 .text.nrf_drv_gpiote_uninit
                0x0000000000000000       0xc4 _build/nrf_drv_gpiote.o
 .text.nrf_drv_gpiote_out_init
                0x0000000000000000       0xec _build/nrf_drv_gpiote.o
 .text.nrf_drv_gpiote_out_uninit
                0x0000000000000000       0x38 _build/nrf_drv_gpiote.o
 .text.nrf_drv_gpiote_out_set
                0x0000000000000000       0x10 _build/nrf_drv_gpiote.o
 .text.nrf_drv_gpiote_out_clear
                0x0000000000000000       0x10 _build/nrf_drv_gpiote.o
 .text.nrf_drv_gpiote_out_toggle
                0x0000000000000000       0x1c _build/nrf_drv_gpiote.o
 .text.nrf_drv_gpiote_out_task_enable
                0x0000000000000000       0x38 _build/nrf_drv_gpiote.o
 .text.nrf_drv_gpiote_out_task_disable
                0x0000000000000000       0x24 _build/nrf_drv_gpiote.o
 .text.nrf_drv_gpiote_out_task_addr_get
                0x0000000000000000       0x1c _build/nrf_drv_gpiote.o
 .text.nrf_drv_gpiote_out_task_force
                0x0000000000000000       0x38 _build/nrf_drv_gpiote.o
 .text.nrf_drv_gpiote_out_task_trigger
                0x0000000000000000       0x20 _build/nrf_drv_gpiote.o
 .text.nrf_drv_gpiote_in_event_disable
                0x0000000000000000       0x5c _build/nrf_drv_gpiote.o
 .text.nrf_drv_gpiote_in_uninit
                0x0000000000000000       0xa4 _build/nrf_drv_gpiote.o
 .text.nrf_drv_gpiote_in_event_addr_get
                0x0000000000000000       0x1c _build/nrf_drv_gpiote.o
 .text          0x0000000000000000        0x0 _build/nrf_drv_uart.o
 .data          0x0000000000000000        0x0 _build/nrf_drv_uart.o
 .bss           0x0000000000000000        0x0 _build/nrf_drv_uart.o
 .text.nrf_drv_uart_init
                0x0000000000000000      0x17c _build/nrf_drv_uart.o
 .text.nrf_drv_uart_uninit
                0x0000000000000000       0xb8 _build/nrf_drv_uart.o
 .text.nrf_drv_uart_tx
                0x0000000000000000      0x124 _build/nrf_drv_uart.o
 .text.nrf_drv_uart_rx
                0x0000000000000000      0x138 _build/nrf_drv_uart.o
 .text.nrf_drv_uart_rx_enable
                0x0000000000000000       0x30 _build/nrf_drv_uart.o
 .text.nrf_drv_uart_rx_disable
                0x0000000000000000       0x18 _build/nrf_drv_uart.o
 .text.nrf_drv_uart_errorsrc_get
                0x0000000000000000       0x34 _build/nrf_drv_uart.o
 .text.nrf_drv_uart_tx_abort
                0x0000000000000000       0x68 _build/nrf_drv_uart.o
 .text.nrf_drv_uart_rx_abort
                0x0000000000000000       0x2c _build/nrf_drv_uart.o
 .rodata.m_default_config
                0x0000000000000000       0x20 _build/nrf_drv_uart.o
 .text          0x0000000000000000        0x0 _build/pstorage.o
 .data          0x0000000000000000        0x0 _build/pstorage.o
 .bss           0x0000000000000000        0x0 _build/pstorage.o
 .text.sd_flash_write
                0x0000000000000000        0x4 _build/pstorage.o
 .text.sd_flash_page_erase
                0x0000000000000000        0x4 _build/pstorage.o
 .text.state_entry_action_run
                0x0000000000000000      0x184 _build/pstorage.o
 .text.clear_operation_execute
                0x0000000000000000      0x15c _build/pstorage.o
 .text.command_end_procedure_run
                0x0000000000000000       0x84 _build/pstorage.o
 .text.tail_restore_state_run
                0x0000000000000000       0x50 _build/pstorage.o
 .text.cmd_queue_enqueue
                0x0000000000000000       0x9c _build/pstorage.o
 .text.state_write_data_swap_entry_run
                0x0000000000000000       0x98 _build/pstorage.o
 .text.state_restore_head_entry_run
                0x0000000000000000       0x9c _build/pstorage.o
 .text.state_restore_tail_entry_run
                0x0000000000000000       0xa8 _build/pstorage.o
 .text.state_data_erase_entry_run
                0x0000000000000000       0x78 _build/pstorage.o
 .text.data_to_swap_write_state_run
                0x0000000000000000       0xac _build/pstorage.o
 .text.state_swap_erase_entry_run
                0x0000000000000000       0x88 _build/pstorage.o
 .text.head_restore_state_run
                0x0000000000000000      0x150 _build/pstorage.o
 .text.swap_erase_state_run
                0x0000000000000000       0xc0 _build/pstorage.o
 .text.store_cmd_flash_write_execute
                0x0000000000000000      0x120 _build/pstorage.o
 .text.flash_operation_success_run
                0x0000000000000000       0xf0 _build/pstorage.o
 .text.data_page_erase_state_run
                0x0000000000000000      0x190 _build/pstorage.o
 .text.pstorage_sys_event_handler
                0x0000000000000000       0xac _build/pstorage.o
 .text.pstorage_init
                0x0000000000000000       0x84 _build/pstorage.o
 .text.pstorage_register
                0x0000000000000000       0xc0 _build/pstorage.o
 .text.pstorage_block_identifier_get
                0x0000000000000000       0x58 _build/pstorage.o
 .text.pstorage_store
                0x0000000000000000       0x7c _build/pstorage.o
 .text.pstorage_update
                0x0000000000000000       0x7c _build/pstorage.o
 .text.pstorage_load
                0x0000000000000000       0xa4 _build/pstorage.o
 .text.pstorage_clear
                0x0000000000000000       0x88 _build/pstorage.o
 .bss.m_app_data_size
                0x0000000000000000        0x4 _build/pstorage.o
 .bss.m_app_table
                0x0000000000000000       0x18 _build/pstorage.o
 .bss.m_current_page_id
                0x0000000000000000        0x4 _build/pstorage.o
 .bss.m_head_word_size
                0x0000000000000000        0x4 _build/pstorage.o
 .bss.m_next_app_instance
                0x0000000000000000        0x2 _build/pstorage.o
 .bss.m_next_page_addr
                0x0000000000000000        0x4 _build/pstorage.o
 .bss.m_num_of_bytes_written
                0x0000000000000000        0x4 _build/pstorage.o
 .bss.m_num_of_command_retries
                0x0000000000000000        0x4 _build/pstorage.o
 .bss.m_state   0x0000000000000000        0x1 _build/pstorage.o
 .bss.m_swap_sub_state
                0x0000000000000000        0x1 _build/pstorage.o
 .bss.m_tail_word_size
                0x0000000000000000        0x4 _build/pstorage.o
 .rodata.swap_sub_state_sm_lut.8365
                0x0000000000000000       0x14 _build/pstorage.o
 .rodata.swap_sub_state_sm_lut.8440
                0x0000000000000000       0x14 _build/pstorage.o
 .text          0x0000000000000000        0x0 _build/bsp.o
 .data          0x0000000000000000        0x0 _build/bsp.o
 .bss           0x0000000000000000        0x0 _build/bsp.o
 .text.bsp_buttons_state_get
                0x0000000000000000       0x40 _build/bsp.o
 .text.bsp_button_is_pressed
                0x0000000000000000       0x30 _build/bsp.o
 .text.bsp_indication_text_set
                0x0000000000000000       0x18 _build/bsp.o
 .text.bsp_event_to_button_action_assign
                0x0000000000000000       0x58 _build/bsp.o
 .text.bsp_buttons_enable
                0x0000000000000000        0x4 _build/bsp.o
 .text.bsp_buttons_disable
                0x0000000000000000        0x4 _build/bsp.o
 .rodata.m_buttons_list
                0x0000000000000000       0x10 _build/bsp.o
 .text          0x0000000000000000        0x0 _build/main.o
 .data          0x0000000000000000        0x0 _build/main.o
 .bss           0x0000000000000000        0x0 _build/main.o
 .text          0x0000000000000000        0x0 _build/ble_advdata.o
 .data          0x0000000000000000        0x0 _build/ble_advdata.o
 .bss           0x0000000000000000        0x0 _build/ble_advdata.o
 .text          0x0000000000000000        0x0 _build/ble_advertising.o
 .data          0x0000000000000000        0x0 _build/ble_advertising.o
 .bss           0x0000000000000000        0x0 _build/ble_advertising.o
 .text.sd_ble_gap_adv_stop
                0x0000000000000000        0x4 _build/ble_advertising.o
 .text.ble_advertising_peer_addr_reply
                0x0000000000000000       0x64 _build/ble_advertising.o
 .text.ble_advertising_whitelist_reply
                0x0000000000000000       0xd0 _build/ble_advertising.o
 .text.ble_advertising_restart_without_whitelist
                0x0000000000000000       0x6c _build/ble_advertising.o
 .text          0x0000000000000000        0x0 _build/ble_conn_params.o
 .data          0x0000000000000000        0x0 _build/ble_conn_params.o
 .bss           0x0000000000000000        0x0 _build/ble_conn_params.o
 .text.ble_conn_params_stop
                0x0000000000000000        0xc _build/ble_conn_params.o
 .text.ble_conn_params_change_conn_params
                0x0000000000000000       0x74 _build/ble_conn_params.o
 .text          0x0000000000000000        0x0 _build/ble_srv_common.o
 .data          0x0000000000000000        0x0 _build/ble_srv_common.o
 .bss           0x0000000000000000        0x0 _build/ble_srv_common.o
 .text.ble_srv_report_ref_encode
                0x0000000000000000        0xc _build/ble_srv_common.o
 .text.ble_srv_ascii_to_utf8
                0x0000000000000000       0x14 _build/ble_srv_common.o
 .comment       0x0000000000000000       0x76 _build/ble_srv_common.o
 .ARM.attributes
                0x0000000000000000       0x34 _build/ble_srv_common.o
 .text          0x0000000000000000        0x0 _build/system_nrf52.o
 .data          0x0000000000000000        0x0 _build/system_nrf52.o
 .bss           0x0000000000000000        0x0 _build/system_nrf52.o
 .text.SystemCoreClockUpdate
                0x0000000000000000       0x10 _build/system_nrf52.o
 .text          0x0000000000000000        0x0 _build/softdevice_handler.o
 .data          0x0000000000000000        0x0 _build/softdevice_handler.o
 .bss           0x0000000000000000        0x0 _build/softdevice_handler.o
 .text.sd_softdevice_disable
                0x0000000000000000        0x4 _build/softdevice_handler.o
 .text.intern_softdevice_events_execute
                0x0000000000000000       0x10 _build/softdevice_handler.o
 .text.softdevice_handler_sd_disable
                0x0000000000000000       0x18 _build/softdevice_handler.o
 .data          0x0000000000000000        0x0 _build/gcc_startup_nrf52.o
 .bss           0x0000000000000000        0x0 _build/gcc_startup_nrf52.o
 .ARM.extab     0x0000000000000000        0x0 _build/gcc_startup_nrf52.o
 .text          0x0000000000000000        0x0 /Users/sebastianene/Downloads/toolchain/gcc-arm-none-eabi-8-2018-q4-major/bin/../lib/gcc/arm-none-eabi/8.2.1/../../../../arm-none-eabi/lib/thumb/v7e-m+fp/hard/libc_nano.a(lib_a-memcmp.o)
 .data          0x0000000000000000        0x0 /Users/sebastianene/Downloads/toolchain/gcc-arm-none-eabi-8-2018-q4-major/bin/../lib/gcc/arm-none-eabi/8.2.1/../../../../arm-none-eabi/lib/thumb/v7e-m+fp/hard/libc_nano.a(lib_a-memcmp.o)
 .bss           0x0000000000000000        0x0 /Users/sebastianene/Downloads/toolchain/gcc-arm-none-eabi-8-2018-q4-major/bin/../lib/gcc/arm-none-eabi/8.2.1/../../../../arm-none-eabi/lib/thumb/v7e-m+fp/hard/libc_nano.a(lib_a-memcmp.o)
 .text          0x0000000000000000        0x0 /Users/sebastianene/Downloads/toolchain/gcc-arm-none-eabi-8-2018-q4-major/bin/../lib/gcc/arm-none-eabi/8.2.1/../../../../arm-none-eabi/lib/thumb/v7e-m+fp/hard/libc_nano.a(lib_a-memcpy-stub.o)
 .data          0x0000000000000000        0x0 /Users/sebastianene/Downloads/toolchain/gcc-arm-none-eabi-8-2018-q4-major/bin/../lib/gcc/arm-none-eabi/8.2.1/../../../../arm-none-eabi/lib/thumb/v7e-m+fp/hard/libc_nano.a(lib_a-memcpy-stub.o)
 .bss           0x0000000000000000        0x0 /Users/sebastianene/Downloads/toolchain/gcc-arm-none-eabi-8-2018-q4-major/bin/../lib/gcc/arm-none-eabi/8.2.1/../../../../arm-none-eabi/lib/thumb/v7e-m+fp/hard/libc_nano.a(lib_a-memcpy-stub.o)
 .data          0x0000000000000000        0x0 /Users/sebastianene/Downloads/toolchain/gcc-arm-none-eabi-8-2018-q4-major/bin/../lib/gcc/arm-none-eabi/8.2.1/../../../../arm-none-eabi/lib/thumb/v7e-m+fp/hard/libc_nano.a(lib_a-strlen.o)
 .bss           0x0000000000000000        0x0 /Users/sebastianene/Downloads/toolchain/gcc-arm-none-eabi-8-2018-q4-major/bin/../lib/gcc/arm-none-eabi/8.2.1/../../../../arm-none-eabi/lib/thumb/v7e-m+fp/hard/libc_nano.a(lib_a-strlen.o)
 .text          0x0000000000000000        0x0 /Users/sebastianene/Downloads/toolchain/gcc-arm-none-eabi-8-2018-q4-major/bin/../lib/gcc/arm-none-eabi/8.2.1/thumb/v7e-m+fp/hard/crtend.o
 .data          0x0000000000000000        0x0 /Users/sebastianene/Downloads/toolchain/gcc-arm-none-eabi-8-2018-q4-major/bin/../lib/gcc/arm-none-eabi/8.2.1/thumb/v7e-m+fp/hard/crtend.o
 .bss           0x0000000000000000        0x0 /Users/sebastianene/Downloads/toolchain/gcc-arm-none-eabi-8-2018-q4-major/bin/../lib/gcc/arm-none-eabi/8.2.1/thumb/v7e-m+fp/hard/crtend.o
 .eh_frame      0x0000000000000000        0x4 /Users/sebastianene/Downloads/toolchain/gcc-arm-none-eabi-8-2018-q4-major/bin/../lib/gcc/arm-none-eabi/8.2.1/thumb/v7e-m+fp/hard/crtend.o
 .ARM.attributes
                0x0000000000000000       0x32 /Users/sebastianene/Downloads/toolchain/gcc-arm-none-eabi-8-2018-q4-major/bin/../lib/gcc/arm-none-eabi/8.2.1/thumb/v7e-m+fp/hard/crtend.o
 .text          0x0000000000000000        0x0 /Users/sebastianene/Downloads/toolchain/gcc-arm-none-eabi-8-2018-q4-major/bin/../lib/gcc/arm-none-eabi/8.2.1/thumb/v7e-m+fp/hard/crtn.o
 .data          0x0000000000000000        0x0 /Users/sebastianene/Downloads/toolchain/gcc-arm-none-eabi-8-2018-q4-major/bin/../lib/gcc/arm-none-eabi/8.2.1/thumb/v7e-m+fp/hard/crtn.o
 .bss           0x0000000000000000        0x0 /Users/sebastianene/Downloads/toolchain/gcc-arm-none-eabi-8-2018-q4-major/bin/../lib/gcc/arm-none-eabi/8.2.1/thumb/v7e-m+fp/hard/crtn.o

Memory Configuration

Name             Origin             Length             Attributes
FLASH            0x000000000001f000 0x0000000000061000 xr
RAM              0x0000000020002800 0x0000000000005800 xrw
*default*        0x0000000000000000 0xffffffffffffffff

Linker script and memory map

LOAD /Users/sebastianene/Downloads/toolchain/gcc-arm-none-eabi-8-2018-q4-major/bin/../lib/gcc/arm-none-eabi/8.2.1/thumb/v7e-m+fp/hard/crti.o
LOAD /Users/sebastianene/Downloads/toolchain/gcc-arm-none-eabi-8-2018-q4-major/bin/../lib/gcc/arm-none-eabi/8.2.1/thumb/v7e-m+fp/hard/crtbegin.o
LOAD /Users/sebastianene/Downloads/toolchain/gcc-arm-none-eabi-8-2018-q4-major/bin/../lib/gcc/arm-none-eabi/8.2.1/../../../../arm-none-eabi/lib/thumb/v7e-m+fp/hard/crt0.o
LOAD /Users/sebastianene/Downloads/toolchain/gcc-arm-none-eabi-8-2018-q4-major/bin/../lib/gcc/arm-none-eabi/8.2.1/../../../../arm-none-eabi/lib/thumb/v7e-m+fp/hard/libc_nano.a
LOAD /Users/sebastianene/Downloads/toolchain/gcc-arm-none-eabi-8-2018-q4-major/bin/../lib/gcc/arm-none-eabi/8.2.1/../../../../arm-none-eabi/lib/thumb/v7e-m+fp/hard/libnosys.a
LOAD _build/app_button.o
LOAD _build/app_error.o
LOAD _build/app_scheduler.o
LOAD _build/app_timer.o
LOAD _build/app_timer_appsh.o
LOAD _build/app_trace.o
LOAD _build/nrf_assert.o
LOAD _build/retarget.o
LOAD _build/app_uart.o
LOAD _build/nrf_delay.o
LOAD _build/nrf_drv_common.o
LOAD _build/nrf_drv_gpiote.o
LOAD _build/nrf_drv_uart.o
LOAD _build/pstorage.o
LOAD _build/bsp.o
LOAD _build/main.o
LOAD _build/ble_advdata.o
LOAD _build/ble_advertising.o
LOAD _build/ble_conn_params.o
LOAD _build/ble_srv_common.o
LOAD _build/system_nrf52.o
LOAD _build/softdevice_handler.o
LOAD _build/gcc_startup_nrf52.o
START GROUP
LOAD /Users/sebastianene/Downloads/toolchain/gcc-arm-none-eabi-8-2018-q4-major/bin/../lib/gcc/arm-none-eabi/8.2.1/thumb/v7e-m+fp/hard/libgcc.a
LOAD /Users/sebastianene/Downloads/toolchain/gcc-arm-none-eabi-8-2018-q4-major/bin/../lib/gcc/arm-none-eabi/8.2.1/../../../../arm-none-eabi/lib/thumb/v7e-m+fp/hard/libc_nano.a
END GROUP
START GROUP
LOAD /Users/sebastianene/Downloads/toolchain/gcc-arm-none-eabi-8-2018-q4-major/bin/../lib/gcc/arm-none-eabi/8.2.1/thumb/v7e-m+fp/hard/libgcc.a
LOAD /Users/sebastianene/Downloads/toolchain/gcc-arm-none-eabi-8-2018-q4-major/bin/../lib/gcc/arm-none-eabi/8.2.1/../../../../arm-none-eabi/lib/thumb/v7e-m+fp/hard/libc_nano.a
END GROUP
LOAD /Users/sebastianene/Downloads/toolchain/gcc-arm-none-eabi-8-2018-q4-major/bin/../lib/gcc/arm-none-eabi/8.2.1/thumb/v7e-m+fp/hard/crtend.o
LOAD /Users/sebastianene/Downloads/toolchain/gcc-arm-none-eabi-8-2018-q4-major/bin/../lib/gcc/arm-none-eabi/8.2.1/thumb/v7e-m+fp/hard/crtn.o
START GROUP
LOAD /Users/sebastianene/Downloads/toolchain/gcc-arm-none-eabi-8-2018-q4-major/bin/../lib/gcc/arm-none-eabi/8.2.1/thumb/v7e-m+fp/hard/libgcc.a
LOAD /Users/sebastianene/Downloads/toolchain/gcc-arm-none-eabi-8-2018-q4-major/bin/../lib/gcc/arm-none-eabi/8.2.1/../../../../arm-none-eabi/lib/thumb/v7e-m+fp/hard/libc.a
LOAD /Users/sebastianene/Downloads/toolchain/gcc-arm-none-eabi-8-2018-q4-major/bin/../lib/gcc/arm-none-eabi/8.2.1/../../../../arm-none-eabi/lib/thumb/v7e-m+fp/hard/libnosys.a
END GROUP

.text           0x000000000001f000     0x39e8
 *(.Vectors)
 .Vectors       0x000000000001f000      0x400 _build/gcc_startup_nrf52.o
                0x000000000001f000                __Vectors
 *(.text*)
 .text          0x000000000001f400       0x74 /Users/sebastianene/Downloads/toolchain/gcc-arm-none-eabi-8-2018-q4-major/bin/../lib/gcc/arm-none-eabi/8.2.1/../../../../arm-none-eabi/lib/thumb/v7e-m+fp/hard/crt0.o
                0x000000000001f400                _mainCRTStartup
                0x000000000001f400                _start
 .text.exit     0x000000000001f474       0x28 /Users/sebastianene/Downloads/toolchain/gcc-arm-none-eabi-8-2018-q4-major/bin/../lib/gcc/arm-none-eabi/8.2.1/../../../../arm-none-eabi/lib/thumb/v7e-m+fp/hard/libc_nano.a(lib_a-exit.o)
                0x000000000001f474                exit
 .text.__libc_init_array
                0x000000000001f49c       0x48 /Users/sebastianene/Downloads/toolchain/gcc-arm-none-eabi-8-2018-q4-major/bin/../lib/gcc/arm-none-eabi/8.2.1/../../../../arm-none-eabi/lib/thumb/v7e-m+fp/hard/libc_nano.a(lib_a-init.o)
                0x000000000001f49c                __libc_init_array
 .text.memset   0x000000000001f4e4       0x10 /Users/sebastianene/Downloads/toolchain/gcc-arm-none-eabi-8-2018-q4-major/bin/../lib/gcc/arm-none-eabi/8.2.1/../../../../arm-none-eabi/lib/thumb/v7e-m+fp/hard/libc_nano.a(lib_a-memset.o)
                0x000000000001f4e4                memset
 .text._exit    0x000000000001f4f4        0x4 /Users/sebastianene/Downloads/toolchain/gcc-arm-none-eabi-8-2018-q4-major/bin/../lib/gcc/arm-none-eabi/8.2.1/../../../../arm-none-eabi/lib/thumb/v7e-m+fp/hard/libnosys.a(_exit.o)
                0x000000000001f4f4                _exit
 .text.detection_delay_timeout_handler
                0x000000000001f4f8       0xac _build/app_button.o
 .text.gpiote_event_handler
                0x000000000001f5a4       0x60 _build/app_button.o
 .text.app_button_init
                0x000000000001f604       0xa8 _build/app_button.o
                0x000000000001f604                app_button_init
 .text.app_button_enable
                0x000000000001f6ac       0x2c _build/app_button.o
                0x000000000001f6ac                app_button_enable
 .text.app_error_handler
                0x000000000001f6d8       0x20 _build/app_error.o
                0x000000000001f6d8                app_error_handler
 .text.sd_nvic_critical_region_enter
                0x000000000001f6f8        0x4 _build/app_scheduler.o
 .text.sd_nvic_critical_region_exit
                0x000000000001f6fc        0x4 _build/app_scheduler.o
 .text.app_sched_init
                0x000000000001f700       0x50 _build/app_scheduler.o
                0x000000000001f700                app_sched_init
 .text.app_sched_event_put
                0x000000000001f750      0x150 _build/app_scheduler.o
                0x000000000001f750                app_sched_event_put
 .text.app_sched_execute
                0x000000000001f8a0       0x78 _build/app_scheduler.o
                0x000000000001f8a0                app_sched_execute
 .text.rtc1_stop
                0x000000000001f918      0x134 _build/app_timer.o
 .text.RTC1_IRQHandler
                0x000000000001fa4c       0xd4 _build/app_timer.o
                0x000000000001fa4c                RTC1_IRQHandler
 .text.SWI0_EGU0_IRQHandler
                0x000000000001fb20      0x544 _build/app_timer.o
                0x000000000001fb20                SWI0_EGU0_IRQHandler
 .text.app_timer_init
                0x0000000000020064       0xe8 _build/app_timer.o
                0x0000000000020064                app_timer_init
 .text.app_timer_create
                0x000000000002014c       0x64 _build/app_timer.o
                0x000000000002014c                app_timer_create
 .text.app_timer_start
                0x00000000000201b0       0xec _build/app_timer.o
                0x00000000000201b0                app_timer_start
 .text.app_timer_stop
                0x000000000002029c       0xbc _build/app_timer.o
                0x000000000002029c                app_timer_stop
 .text.app_timer_evt_get
                0x0000000000020358       0x1c _build/app_timer_appsh.o
 .text.app_timer_evt_schedule
                0x0000000000020374       0x1c _build/app_timer_appsh.o
                0x0000000000020374                app_timer_evt_schedule
 .text.nrf_drv_common_irq_enable
                0x0000000000020390       0x48 _build/nrf_drv_common.o
                0x0000000000020390                nrf_drv_common_irq_enable
 .text.nrf_drv_gpiote_init
                0x00000000000203d8       0x5c _build/nrf_drv_gpiote.o
                0x00000000000203d8                nrf_drv_gpiote_init
 .text.nrf_drv_gpiote_is_init
                0x0000000000020434       0x10 _build/nrf_drv_gpiote.o
                0x0000000000020434                nrf_drv_gpiote_is_init
 .text.nrf_drv_gpiote_in_init
                0x0000000000020444      0x1f4 _build/nrf_drv_gpiote.o
                0x0000000000020444                nrf_drv_gpiote_in_init
 .text.nrf_drv_gpiote_in_event_enable
                0x0000000000020638       0xb4 _build/nrf_drv_gpiote.o
                0x0000000000020638                nrf_drv_gpiote_in_event_enable
 .text.nrf_drv_gpiote_in_is_set
                0x00000000000206ec       0x14 _build/nrf_drv_gpiote.o
                0x00000000000206ec                nrf_drv_gpiote_in_is_set
 .text.GPIOTE_IRQHandler
                0x0000000000020700      0x3ac _build/nrf_drv_gpiote.o
                0x0000000000020700                GPIOTE_IRQHandler
 .text.UARTE0_UART0_IRQHandler
                0x0000000000020aac      0x224 _build/nrf_drv_uart.o
                0x0000000000020aac                UARTE0_UART0_IRQHandler
 .text.pstorage_access_status_get
                0x0000000000020cd0       0x24 _build/pstorage.o
                0x0000000000020cd0                pstorage_access_status_get
 .text.alert_timer_handler
                0x0000000000020cf4       0x1c _build/bsp.o
 .text.bsp_led_indication
                0x0000000000020d10      0x3a4 _build/bsp.o
 .text.bsp_button_event_handler
                0x00000000000210b4       0xc4 _build/bsp.o
 .text.leds_timer_handler
                0x0000000000021178       0x1c _build/bsp.o
 .text.button_timer_handler
                0x0000000000021194       0x44 _build/bsp.o
 .text.bsp_indication_set
                0x00000000000211d8       0x18 _build/bsp.o
                0x00000000000211d8                bsp_indication_set
 .text.bsp_init
                0x00000000000211f0       0xd0 _build/bsp.o
                0x00000000000211f0                bsp_init
 .text.bsp_wakeup_buttons_set
                0x00000000000212c0       0x7c _build/bsp.o
                0x00000000000212c0                bsp_wakeup_buttons_set
 .text.sd_ble_gap_disconnect
                0x000000000002133c        0x4 _build/main.o
 .text.sd_ble_gap_ppcp_set
                0x0000000000021340        0x4 _build/main.o
 .text.sd_ble_gap_device_name_set
                0x0000000000021344        0x4 _build/main.o
 .text.sd_ble_gap_sec_params_reply
                0x0000000000021348        0x4 _build/main.o
 .text.sd_ble_gap_sec_info_reply
                0x000000000002134c        0x4 _build/main.o
 .text.sd_ble_gatts_sys_attr_set
                0x0000000000021350        0x4 _build/main.o
 .text.sd_ble_enable
                0x0000000000021354        0x4 _build/main.o
 .text.sd_power_system_off
                0x0000000000021358        0x4 _build/main.o
 .text.sd_app_evt_wait
                0x000000000002135c        0x4 _build/main.o
 .text.conn_params_error_handler
                0x0000000000021360        0x8 _build/main.o
 .text.sys_evt_dispatch
                0x0000000000021368        0x4 _build/main.o
 .text.ble_evt_dispatch
                0x000000000002136c      0x15c _build/main.o
 .text.on_conn_params_evt
                0x00000000000214c8       0x24 _build/main.o
 .text.on_adv_evt
                0x00000000000214ec       0x54 _build/main.o
 .text.assert_nrf_callback
                0x0000000000021540       0x10 _build/main.o
                0x0000000000021540                assert_nrf_callback
 .text.startup.main
                0x0000000000021550      0x21c _build/main.o
                0x0000000000021550                main
 .text.sd_ble_gap_address_get
                0x000000000002176c        0x4 _build/ble_advdata.o
 .text.sd_ble_gap_adv_data_set
                0x0000000000021770        0x4 _build/ble_advdata.o
 .text.sd_ble_gap_appearance_get
                0x0000000000021774        0x4 _build/ble_advdata.o
 .text.sd_ble_gap_device_name_get
                0x0000000000021778        0x4 _build/ble_advdata.o
 .text.sd_ble_uuid_encode
                0x000000000002177c        0x4 _build/ble_advdata.o
 .text.uuid_list_sized_encode.isra.0
                0x0000000000021780       0xe0 _build/ble_advdata.o
 .text.adv_data_encode
                0x0000000000021860      0x59c _build/ble_advdata.o
                0x0000000000021860                adv_data_encode
 .text.ble_advdata_set
                0x0000000000021dfc       0x68 _build/ble_advdata.o
                0x0000000000021dfc                ble_advdata_set
 .text.sd_ble_gap_adv_start
                0x0000000000021e64        0x4 _build/ble_advertising.o
 .text.ble_advertising_start.part.1
                0x0000000000021e68      0x288 _build/ble_advertising.o
 .text.ble_advertising_init
                0x00000000000220f0      0x16c _build/ble_advertising.o
                0x00000000000220f0                ble_advertising_init
 .text.ble_advertising_start
                0x000000000002225c       0x38 _build/ble_advertising.o
                0x000000000002225c                ble_advertising_start
 .text.ble_advertising_on_ble_evt
                0x0000000000022294       0xec _build/ble_advertising.o
                0x0000000000022294                ble_advertising_on_ble_evt
 .text.ble_advertising_on_sys_evt
                0x0000000000022380       0x50 _build/ble_advertising.o
                0x0000000000022380                ble_advertising_on_sys_evt
 .text.sd_ble_gap_conn_param_update
                0x00000000000223d0        0x4 _build/ble_conn_params.o
 .text.sd_ble_gap_disconnect
                0x00000000000223d4        0x4 _build/ble_conn_params.o
 .text.sd_ble_gap_ppcp_set
                0x00000000000223d8        0x4 _build/ble_conn_params.o
 .text.sd_ble_gap_ppcp_get
                0x00000000000223dc        0x4 _build/ble_conn_params.o
 .text.update_timeout_handler
                0x00000000000223e0       0x74 _build/ble_conn_params.o
 .text.conn_params_negotiation
                0x0000000000022454       0x94 _build/ble_conn_params.o
 .text.ble_conn_params_init
                0x00000000000224e8       0x74 _build/ble_conn_params.o
                0x00000000000224e8                ble_conn_params_init
 .text.ble_conn_params_on_ble_evt
                0x000000000002255c       0xbc _build/ble_conn_params.o
                0x000000000002255c                ble_conn_params_on_ble_evt
 .text.SystemInit
                0x0000000000022618      0x144 _build/system_nrf52.o
                0x0000000000022618                SystemInit
 .text.sd_nvic_EnableIRQ
                0x000000000002275c        0x4 _build/softdevice_handler.o
 .text.sd_evt_get
                0x0000000000022760        0x4 _build/softdevice_handler.o
 .text.sd_softdevice_enable
                0x0000000000022764        0x4 _build/softdevice_handler.o
 .text.sd_ble_evt_get
                0x0000000000022768        0x4 _build/softdevice_handler.o
 .text.softdevice_assertion_handler
                0x000000000002276c        0xc _build/softdevice_handler.o
                0x000000000002276c                softdevice_assertion_handler
 .text.intern_softdevice_events_execute.part.0
                0x0000000000022778       0xf4 _build/softdevice_handler.o
 .text.softdevice_handler_init
                0x000000000002286c       0x48 _build/softdevice_handler.o
                0x000000000002286c                softdevice_handler_init
 .text.softdevice_ble_evt_handler_set
                0x00000000000228b4       0x14 _build/softdevice_handler.o
                0x00000000000228b4                softdevice_ble_evt_handler_set
 .text.softdevice_sys_evt_handler_set
                0x00000000000228c8       0x14 _build/softdevice_handler.o
                0x00000000000228c8                softdevice_sys_evt_handler_set
 .text.SWI2_EGU2_IRQHandler
                0x00000000000228dc       0x34 _build/softdevice_handler.o
                0x00000000000228dc                SWI2_EGU2_IRQHandler
 .text          0x0000000000022910       0x44 _build/gcc_startup_nrf52.o
                0x0000000000022910                Reset_Handler
                0x0000000000022940                NMI_Handler
                0x0000000000022942                HardFault_Handler
                0x0000000000022944                MemoryManagement_Handler
                0x0000000000022946                BusFault_Handler
                0x0000000000022948                UsageFault_Handler
                0x000000000002294a                SVC_Handler
                0x000000000002294c                PendSV_Handler
                0x000000000002294e                SysTick_Handler
                0x0000000000022950                SPIM0_SPIS0_TWIM0_TWIS0_SPI0_TWI0_IRQHandler
                0x0000000000022950                TIMER4_IRQHandler
                0x0000000000022950                I2S_IRQHandler
                0x0000000000022950                SWI4_EGU4_IRQHandler
                0x0000000000022950                TIMER0_IRQHandler
                0x0000000000022950                TIMER1_IRQHandler
                0x0000000000022950                PWM2_IRQHandler
                0x0000000000022950                ECB_IRQHandler
                0x0000000000022950                SPIM1_SPIS1_TWIM1_TWIS1_SPI1_TWI1_IRQHandler
                0x0000000000022950                Default_Handler
                0x0000000000022950                SAADC_IRQHandler
                0x0000000000022950                CCM_AAR_IRQHandler
                0x0000000000022950                WDT_IRQHandler
                0x0000000000022950                SWI5_EGU5_IRQHandler
                0x0000000000022950                RNG_IRQHandler
                0x0000000000022950                RTC2_IRQHandler
                0x0000000000022950                PWM0_IRQHandler
                0x0000000000022950                SWI3_EGU3_IRQHandler
                0x0000000000022950                SWI1_EGU1_IRQHandler
                0x0000000000022950                SPIM2_SPIS2_SPI2_IRQHandler
                0x0000000000022950                NFCT_IRQHandler
                0x0000000000022950                MWU_IRQHandler
                0x0000000000022950                TIMER2_IRQHandler
                0x0000000000022950                COMP_LPCOMP_IRQHandler
                0x0000000000022950                RTC0_IRQHandler
                0x0000000000022950                PWM1_IRQHandler
                0x0000000000022950                POWER_CLOCK_IRQHandler
                0x0000000000022950                RADIO_IRQHandler
                0x0000000000022950                PDM_IRQHandler
                0x0000000000022950                TEMP_IRQHandler
                0x0000000000022950                QDEC_IRQHandler
                0x0000000000022950                TIMER3_IRQHandler
 .text.memcmp   0x0000000000022954       0x1c /Users/sebastianene/Downloads/toolchain/gcc-arm-none-eabi-8-2018-q4-major/bin/../lib/gcc/arm-none-eabi/8.2.1/../../../../arm-none-eabi/lib/thumb/v7e-m+fp/hard/libc_nano.a(lib_a-memcmp.o)
                0x0000000000022954                memcmp
 .text.memcpy   0x0000000000022970       0x1c /Users/sebastianene/Downloads/toolchain/gcc-arm-none-eabi-8-2018-q4-major/bin/../lib/gcc/arm-none-eabi/8.2.1/../../../../arm-none-eabi/lib/thumb/v7e-m+fp/hard/libc_nano.a(lib_a-memcpy-stub.o)
                0x0000000000022970                memcpy
 .text          0x000000000002298c       0x10 /Users/sebastianene/Downloads/toolchain/gcc-arm-none-eabi-8-2018-q4-major/bin/../lib/gcc/arm-none-eabi/8.2.1/../../../../arm-none-eabi/lib/thumb/v7e-m+fp/hard/libc_nano.a(lib_a-strlen.o)
                0x000000000002298c                strlen
 *(.init)
 .init          0x000000000002299c        0x4 /Users/sebastianene/Downloads/toolchain/gcc-arm-none-eabi-8-2018-q4-major/bin/../lib/gcc/arm-none-eabi/8.2.1/thumb/v7e-m+fp/hard/crti.o
                0x000000000002299c                _init
 .init          0x00000000000229a0        0x8 /Users/sebastianene/Downloads/toolchain/gcc-arm-none-eabi-8-2018-q4-major/bin/../lib/gcc/arm-none-eabi/8.2.1/thumb/v7e-m+fp/hard/crtn.o
 *(.fini)
 .fini          0x00000000000229a8        0x4 /Users/sebastianene/Downloads/toolchain/gcc-arm-none-eabi-8-2018-q4-major/bin/../lib/gcc/arm-none-eabi/8.2.1/thumb/v7e-m+fp/hard/crti.o
                0x00000000000229a8                _fini
 .fini          0x00000000000229ac        0x8 /Users/sebastianene/Downloads/toolchain/gcc-arm-none-eabi-8-2018-q4-major/bin/../lib/gcc/arm-none-eabi/8.2.1/thumb/v7e-m+fp/hard/crtn.o
 *crtbegin.o(.ctors)
 *crtbegin?.o(.ctors)
 *(EXCLUDE_FILE(*crtend.o *crtend?.o) .ctors)
 *(SORT_BY_NAME(.ctors.*))
 *(.ctors)
 *crtbegin.o(.dtors)
 *crtbegin?.o(.dtors)
 *(EXCLUDE_FILE(*crtend.o *crtend?.o) .dtors)
 *(SORT_BY_NAME(.dtors.*))
 *(.dtors)
 *(.rodata*)
 .rodata._global_impure_ptr
                0x00000000000229b4        0x4 /Users/sebastianene/Downloads/toolchain/gcc-arm-none-eabi-8-2018-q4-major/bin/../lib/gcc/arm-none-eabi/8.2.1/../../../../arm-none-eabi/lib/thumb/v7e-m+fp/hard/libc_nano.a(lib_a-impure.o)
                0x00000000000229b4                _global_impure_ptr
 .rodata.app_buttons
                0x00000000000229b8       0x20 _build/bsp.o
 .rodata.main.str1.4
                0x00000000000229d8       0x10 _build/main.o
 *(.eh_frame*)
                0x00000000000229e8                . = ALIGN (0x4)

.glue_7         0x00000000000229e8        0x0
 .glue_7        0x00000000000229e8        0x0 linker stubs

.glue_7t        0x00000000000229e8        0x0
 .glue_7t       0x00000000000229e8        0x0 linker stubs

.vfp11_veneer   0x00000000000229e8        0x0
 .vfp11_veneer  0x00000000000229e8        0x0 linker stubs

.v4_bx          0x00000000000229e8        0x0
 .v4_bx         0x00000000000229e8        0x0 linker stubs

.iplt           0x00000000000229e8        0x0
 .iplt          0x00000000000229e8        0x0 /Users/sebastianene/Downloads/toolchain/gcc-arm-none-eabi-8-2018-q4-major/bin/../lib/gcc/arm-none-eabi/8.2.1/../../../../arm-none-eabi/lib/thumb/v7e-m+fp/hard/crt0.o

.ARM.extab      0x00000000000229e8        0x0
 *(.ARM.extab* .gnu.linkonce.armextab.*)
                0x00000000000229e8                . = ALIGN (0x4)
                0x00000000000229e8                __exidx_start = .

.ARM.exidx      0x00000000000229e8        0x8
 *(.ARM.exidx* .gnu.linkonce.armexidx.*)
 .ARM.exidx     0x00000000000229e8        0x8 /Users/sebastianene/Downloads/toolchain/gcc-arm-none-eabi-8-2018-q4-major/bin/../lib/gcc/arm-none-eabi/8.2.1/../../../../arm-none-eabi/lib/thumb/v7e-m+fp/hard/crt0.o
 .ARM.exidx     0x00000000000229f0        0x0 _build/gcc_startup_nrf52.o
                                          0x8 (size before relaxing)
                0x00000000000229f0                . = ALIGN (0x4)
                0x00000000000229f0                __exidx_end = .
                0x00000000000229f0                __etext = .

.rel.dyn        0x00000000000229f0        0x0
 .rel.iplt      0x00000000000229f0        0x0 /Users/sebastianene/Downloads/toolchain/gcc-arm-none-eabi-8-2018-q4-major/bin/../lib/gcc/arm-none-eabi/8.2.1/../../../../arm-none-eabi/lib/thumb/v7e-m+fp/hard/crt0.o

.data           0x0000000020002800       0x88 load address 0x00000000000229f0
                0x0000000020002800                __data_start__ = .
 *(vtable)
 *(.data*)
 .data.impure_data
                0x0000000020002800       0x60 /Users/sebastianene/Downloads/toolchain/gcc-arm-none-eabi-8-2018-q4-major/bin/../lib/gcc/arm-none-eabi/8.2.1/../../../../arm-none-eabi/lib/thumb/v7e-m+fp/hard/libc_nano.a(lib_a-impure.o)
 .data.m_adv_uuids
                0x0000000020002860        0x4 _build/main.o
                0x0000000020002860                m_adv_uuids
 .data.m_conn_handle
                0x0000000020002864        0x2 _build/main.o
 *fill*         0x0000000020002866        0x2 
 .data.m_keys.10586
                0x0000000020002868       0x18 _build/main.o
 .data.current_slave_link_conn_handle.9715
                0x0000000020002880        0x2 _build/ble_advertising.o
 *fill*         0x0000000020002882        0x2 
 .data.SystemCoreClock
                0x0000000020002884        0x4 _build/system_nrf52.o
                0x0000000020002884                SystemCoreClock
                0x0000000020002888                . = ALIGN (0x4)
                0x0000000020002888                PROVIDE (__preinit_array_start = .)
 *(.preinit_array)
                0x0000000020002888                PROVIDE (__preinit_array_end = .)
                0x0000000020002888                . = ALIGN (0x4)
                0x0000000020002888                PROVIDE (__init_array_start = .)
 *(SORT_BY_NAME(.init_array.*))
 *(.init_array)
                0x0000000020002888                PROVIDE (__init_array_end = .)
                0x0000000020002888                . = ALIGN (0x4)
                [!provide]                        PROVIDE (__fini_array_start = .)
 *(SORT_BY_NAME(.fini_array.*))
 *(.fini_array)
                [!provide]                        PROVIDE (__fini_array_end = .)
 *(.jcr)
                0x0000000020002888                . = ALIGN (0x4)
                0x0000000020002888                __data_end__ = .

.igot.plt       0x0000000020002888        0x0 load address 0x0000000000022a78
 .igot.plt      0x0000000020002888        0x0 /Users/sebastianene/Downloads/toolchain/gcc-arm-none-eabi-8-2018-q4-major/bin/../lib/gcc/arm-none-eabi/8.2.1/../../../../arm-none-eabi/lib/thumb/v7e-m+fp/hard/crt0.o

.bss            0x0000000020002888      0x8a8 load address 0x0000000000022a78
                0x0000000020002888                . = ALIGN (0x4)
                0x0000000020002888                __bss_start__ = .
 *(.bss*)
 .bss.m_button_count
                0x0000000020002888        0x1 _build/app_button.o
 *fill*         0x0000000020002889        0x3 
 .bss.m_detection_delay
                0x000000002000288c        0x4 _build/app_button.o
 .bss.m_detection_delay_timer_id
                0x0000000020002890        0x4 _build/app_button.o
 .bss.m_pin_state
                0x0000000020002894        0x4 _build/app_button.o
 .bss.m_pin_transition
                0x0000000020002898        0x4 _build/app_button.o
 .bss.mp_buttons
                0x000000002000289c        0x4 _build/app_button.o
 .bss.m_queue_end_index
                0x00000000200028a0        0x1 _build/app_scheduler.o
 *fill*         0x00000000200028a1        0x3 
 .bss.m_queue_event_data
                0x00000000200028a4        0x4 _build/app_scheduler.o
 .bss.m_queue_event_headers
                0x00000000200028a8        0x4 _build/app_scheduler.o
 .bss.m_queue_event_size
                0x00000000200028ac        0x2 _build/app_scheduler.o
 .bss.m_queue_size
                0x00000000200028ae        0x2 _build/app_scheduler.o
 .bss.m_queue_start_index
                0x00000000200028b0        0x1 _build/app_scheduler.o
 *fill*         0x00000000200028b1        0x3 
 .bss.m_evt_schedule_func
                0x00000000200028b4        0x4 _build/app_timer.o
 .bss.m_node_array_size
                0x00000000200028b8        0x1 _build/app_timer.o
 .bss.m_rtc1_reset
                0x00000000200028b9        0x1 _build/app_timer.o
 .bss.m_rtc1_running
                0x00000000200028ba        0x1 _build/app_timer.o
 *fill*         0x00000000200028bb        0x1 
 .bss.m_ticks_elapsed
                0x00000000200028bc        0x8 _build/app_timer.o
 .bss.m_ticks_elapsed_q_read_ind
                0x00000000200028c4        0x1 _build/app_timer.o
 .bss.m_ticks_elapsed_q_write_ind
                0x00000000200028c5        0x1 _build/app_timer.o
 *fill*         0x00000000200028c6        0x2 
 .bss.m_ticks_latest
                0x00000000200028c8        0x4 _build/app_timer.o
 .bss.m_timer_id_head
                0x00000000200028cc        0x4 _build/app_timer.o
 .bss.m_user_array_size
                0x00000000200028d0        0x1 _build/app_timer.o
 *fill*         0x00000000200028d1        0x3 
 .bss.mp_nodes  0x00000000200028d4        0x4 _build/app_timer.o
 .bss.mp_users  0x00000000200028d8        0x4 _build/app_timer.o
 .bss.m_cb      0x00000000200028dc       0x58 _build/nrf_drv_gpiote.o
 .bss.m_cb      0x0000000020002934       0x18 _build/nrf_drv_uart.o
 .bss.m_cmd_queue
                0x000000002000294c      0x25c _build/pstorage.o
 .bss.m_flags   0x0000000020002ba8        0x4 _build/pstorage.o
 .bss.current_long_push_pin_no.8444
                0x0000000020002bac        0x1 _build/bsp.o
 *fill*         0x0000000020002bad        0x3 
 .bss.m_alert_timer_id
                0x0000000020002bb0        0x4 _build/bsp.o
 .bss.m_app_ticks_per_100ms
                0x0000000020002bb4        0x4 _build/bsp.o
 .bss.m_button_timer_id
                0x0000000020002bb8        0x4 _build/bsp.o
 .bss.m_events_list
                0x0000000020002bbc        0xc _build/bsp.o
 .bss.m_indication_type
                0x0000000020002bc8        0x4 _build/bsp.o
 .bss.m_leds_timer_id
                0x0000000020002bcc        0x4 _build/bsp.o
 .bss.m_registered_callback
                0x0000000020002bd0        0x4 _build/bsp.o
 .bss.m_stable_state
                0x0000000020002bd4        0x1 _build/bsp.o
 *fill*         0x0000000020002bd5        0x3 
 .bss.release_event_at_push.8445
                0x0000000020002bd8        0x4 _build/bsp.o
 .bss.APP_SCHED_BUF.10626
                0x0000000020002bdc       0xb0 _build/main.o
 .bss.APP_TIMER_BUF.10523
                0x0000000020002c8c      0x290 _build/main.o
 .bss.BLE_EVT_BUFFER.10609
                0x0000000020002f1c       0x48 _build/main.o
 .bss.m_auth_status.10577
                0x0000000020002f64        0x6 _build/main.o
 *fill*         0x0000000020002f6a        0x2 
 .bss.m_enc_key.10583
                0x0000000020002f6c       0x1c _build/main.o
 .bss.m_id_key.10584
                0x0000000020002f88       0x17 _build/main.o
 *fill*         0x0000000020002f9f        0x1 
 .bss.m_sec_params
                0x0000000020002fa0        0x5 _build/main.o
 *fill*         0x0000000020002fa5        0x3 
 .bss.m_sign_key.10585
                0x0000000020002fa8       0x10 _build/main.o
 .bss.m_adv_evt
                0x0000000020002fb8        0x1 _build/ble_advertising.o
 .bss.m_adv_mode_current
                0x0000000020002fb9        0x1 _build/ble_advertising.o
 *fill*         0x0000000020002fba        0x2 
 .bss.m_adv_modes_config
                0x0000000020002fbc       0x24 _build/ble_advertising.o
 .bss.m_advdata
                0x0000000020002fe0       0x38 _build/ble_advertising.o
 .bss.m_advertising_start_pending
                0x0000000020003018        0x1 _build/ble_advertising.o
 *fill*         0x0000000020003019        0x3 
 .bss.m_error_handler
                0x000000002000301c        0x4 _build/ble_advertising.o
 .bss.m_evt_handler
                0x0000000020003020        0x4 _build/ble_advertising.o
 .bss.m_manuf_data_array
                0x0000000020003024       0x1f _build/ble_advertising.o
 *fill*         0x0000000020003043        0x1 
 .bss.m_manuf_specific_data
                0x0000000020003044        0xc _build/ble_advertising.o
 .bss.m_peer_addr_reply_expected
                0x0000000020003050        0x1 _build/ble_advertising.o
 *fill*         0x0000000020003051        0x3 
 .bss.m_peer_address
                0x0000000020003054        0x7 _build/ble_advertising.o
 *fill*         0x000000002000305b        0x1 
 .bss.m_service_data
                0x000000002000305c        0xc _build/ble_advertising.o
 .bss.m_service_data_array
                0x0000000020003068       0x1f _build/ble_advertising.o
 *fill*         0x0000000020003087        0x1 
 .bss.m_slave_conn_int
                0x0000000020003088        0x4 _build/ble_advertising.o
 .bss.m_tx_power_level
                0x000000002000308c        0x1 _build/ble_advertising.o
 *fill*         0x000000002000308d        0x3 
 .bss.m_whitelist
                0x0000000020003090       0x10 _build/ble_advertising.o
 .bss.m_whitelist_reply_expected
                0x00000000200030a0        0x1 _build/ble_advertising.o
 .bss.m_whitelist_temporarily_disabled
                0x00000000200030a1        0x1 _build/ble_advertising.o
 *fill*         0x00000000200030a2        0x2 
 .bss.mp_whitelist_addr
                0x00000000200030a4       0x20 _build/ble_advertising.o
 .bss.mp_whitelist_irk
                0x00000000200030c4       0x20 _build/ble_advertising.o
 .bss.m_change_param
                0x00000000200030e4        0x1 _build/ble_conn_params.o
 *fill*         0x00000000200030e5        0x1 
 .bss.m_conn_handle
                0x00000000200030e6        0x2 _build/ble_conn_params.o
 .bss.m_conn_params_config
                0x00000000200030e8       0x1c _build/ble_conn_params.o
 .bss.m_conn_params_timer_id
                0x0000000020003104        0x4 _build/ble_conn_params.o
 .bss.m_current_conn_params
                0x0000000020003108        0x8 _build/ble_conn_params.o
 .bss.m_preferred_conn_params
                0x0000000020003110        0x8 _build/ble_conn_params.o
 .bss.m_update_count
                0x0000000020003118        0x1 _build/ble_conn_params.o
 *fill*         0x0000000020003119        0x1 
 .bss.m_ble_evt_buffer_size
                0x000000002000311a        0x2 _build/softdevice_handler.o
 .bss.m_ble_evt_handler
                0x000000002000311c        0x4 _build/softdevice_handler.o
 .bss.m_evt_schedule_func
                0x0000000020003120        0x4 _build/softdevice_handler.o
 .bss.m_softdevice_enabled
                0x0000000020003124        0x1 _build/softdevice_handler.o
 *fill*         0x0000000020003125        0x3 
 .bss.m_sys_evt_handler
                0x0000000020003128        0x4 _build/softdevice_handler.o
 .bss.mp_ble_evt_buffer
                0x000000002000312c        0x4 _build/softdevice_handler.o
 *(COMMON)
                0x0000000020003130                . = ALIGN (0x4)
                0x0000000020003130                __bss_end__ = .

.heap           0x0000000020003130     0x2000
                0x0000000020003130                __end__ = .
                0x0000000020003130                end = __end__
 *(.heap*)
 .heap          0x0000000020003130     0x2000 _build/gcc_startup_nrf52.o
                0x0000000020003130                __HeapBase
                0x0000000020005130                __HeapLimit = .

.stack_dummy    0x0000000020003130     0x2000
 *(.stack*)
 .stack         0x0000000020003130     0x2000 _build/gcc_startup_nrf52.o
                0x0000000020008000                __StackTop = (ORIGIN (RAM) + LENGTH (RAM))
                0x0000000020006000                __StackLimit = (__StackTop - SIZEOF (.stack_dummy))
                0x0000000020008000                PROVIDE (__stack = __StackTop)
                0x0000000000000001                ASSERT ((__StackLimit >= __HeapLimit), region RAM overflowed with stack)
OUTPUT(_build/nrf52832_xxaa_s132.out elf32-littlearm)

.ARM.attributes
                0x0000000000000000       0x30
 .ARM.attributes
                0x0000000000000000       0x1e /Users/sebastianene/Downloads/toolchain/gcc-arm-none-eabi-8-2018-q4-major/bin/../lib/gcc/arm-none-eabi/8.2.1/thumb/v7e-m+fp/hard/crti.o
 .ARM.attributes
                0x000000000000001e       0x1c /Users/sebastianene/Downloads/toolchain/gcc-arm-none-eabi-8-2018-q4-major/bin/../lib/gcc/arm-none-eabi/8.2.1/../../../../arm-none-eabi/lib/thumb/v7e-m+fp/hard/crt0.o
 .ARM.attributes
                0x000000000000003a       0x34 /Users/sebastianene/Downloads/toolchain/gcc-arm-none-eabi-8-2018-q4-major/bin/../lib/gcc/arm-none-eabi/8.2.1/../../../../arm-none-eabi/lib/thumb/v7e-m+fp/hard/libc_nano.a(lib_a-exit.o)
 .ARM.attributes
                0x000000000000006e       0x32 /Users/sebastianene/Downloads/toolchain/gcc-arm-none-eabi-8-2018-q4-major/bin/../lib/gcc/arm-none-eabi/8.2.1/../../../../arm-none-eabi/lib/thumb/v7e-m+fp/hard/libc_nano.a(lib_a-impure.o)
 .ARM.attributes
                0x00000000000000a0       0x34 /Users/sebastianene/Downloads/toolchain/gcc-arm-none-eabi-8-2018-q4-major/bin/../lib/gcc/arm-none-eabi/8.2.1/../../../../arm-none-eabi/lib/thumb/v7e-m+fp/hard/libc_nano.a(lib_a-init.o)
 .ARM.attributes
                0x00000000000000d4       0x34 /Users/sebastianene/Downloads/toolchain/gcc-arm-none-eabi-8-2018-q4-major/bin/../lib/gcc/arm-none-eabi/8.2.1/../../../../arm-none-eabi/lib/thumb/v7e-m+fp/hard/libc_nano.a(lib_a-memset.o)
 .ARM.attributes
                0x0000000000000108       0x34 /Users/sebastianene/Downloads/toolchain/gcc-arm-none-eabi-8-2018-q4-major/bin/../lib/gcc/arm-none-eabi/8.2.1/../../../../arm-none-eabi/lib/thumb/v7e-m+fp/hard/libnosys.a(_exit.o)
 .ARM.attributes
                0x000000000000013c       0x34 _build/app_button.o
 .ARM.attributes
                0x0000000000000170       0x34 _build/app_error.o
 .ARM.attributes
                0x00000000000001a4       0x34 _build/app_scheduler.o
 .ARM.attributes
                0x00000000000001d8       0x34 _build/app_timer.o
 .ARM.attributes
                0x000000000000020c       0x34 _build/app_timer_appsh.o
 .ARM.attributes
                0x0000000000000240       0x34 _build/nrf_drv_common.o
 .ARM.attributes
                0x0000000000000274       0x34 _build/nrf_drv_gpiote.o
 .ARM.attributes
                0x00000000000002a8       0x34 _build/nrf_drv_uart.o
 .ARM.attributes
                0x00000000000002dc       0x34 _build/pstorage.o
 .ARM.attributes
                0x0000000000000310       0x34 _build/bsp.o
 .ARM.attributes
                0x0000000000000344       0x34 _build/main.o
 .ARM.attributes
                0x0000000000000378       0x34 _build/ble_advdata.o
 .ARM.attributes
                0x00000000000003ac       0x34 _build/ble_advertising.o
 .ARM.attributes
                0x00000000000003e0       0x34 _build/ble_conn_params.o
 .ARM.attributes
                0x0000000000000414       0x34 _build/system_nrf52.o
 .ARM.attributes
                0x0000000000000448       0x34 _build/softdevice_handler.o
 .ARM.attributes
                0x000000000000047c       0x1b _build/gcc_startup_nrf52.o
 .ARM.attributes
                0x0000000000000497       0x34 /Users/sebastianene/Downloads/toolchain/gcc-arm-none-eabi-8-2018-q4-major/bin/../lib/gcc/arm-none-eabi/8.2.1/../../../../arm-none-eabi/lib/thumb/v7e-m+fp/hard/libc_nano.a(lib_a-memcmp.o)
 .ARM.attributes
                0x00000000000004cb       0x34 /Users/sebastianene/Downloads/toolchain/gcc-arm-none-eabi-8-2018-q4-major/bin/../lib/gcc/arm-none-eabi/8.2.1/../../../../arm-none-eabi/lib/thumb/v7e-m+fp/hard/libc_nano.a(lib_a-memcpy-stub.o)
 .ARM.attributes
                0x00000000000004ff       0x17 /Users/sebastianene/Downloads/toolchain/gcc-arm-none-eabi-8-2018-q4-major/bin/../lib/gcc/arm-none-eabi/8.2.1/../../../../arm-none-eabi/lib/thumb/v7e-m+fp/hard/libc_nano.a(lib_a-strlen.o)
 .ARM.attributes
                0x0000000000000516       0x1e /Users/sebastianene/Downloads/toolchain/gcc-arm-none-eabi-8-2018-q4-major/bin/../lib/gcc/arm-none-eabi/8.2.1/thumb/v7e-m+fp/hard/crtn.o

.comment        0x0000000000000000       0x75
 .comment       0x0000000000000000       0x75 _build/app_button.o
                                         0x76 (size before relaxing)
 .comment       0x0000000000000075       0x76 _build/app_error.o
 .comment       0x0000000000000075       0x76 _build/app_scheduler.o
 .comment       0x0000000000000075       0x76 _build/app_timer.o
 .comment       0x0000000000000075       0x76 _build/app_timer_appsh.o
 .comment       0x0000000000000075       0x76 _build/nrf_drv_common.o
 .comment       0x0000000000000075       0x76 _build/nrf_drv_gpiote.o
 .comment       0x0000000000000075       0x76 _build/nrf_drv_uart.o
 .comment       0x0000000000000075       0x76 _build/pstorage.o
 .comment       0x0000000000000075       0x76 _build/bsp.o
 .comment       0x0000000000000075       0x76 _build/main.o
 .comment       0x0000000000000075       0x76 _build/ble_advdata.o
 .comment       0x0000000000000075       0x76 _build/ble_advertising.o
 .comment       0x0000000000000075       0x76 _build/ble_conn_params.o
 .comment       0x0000000000000075       0x76 _build/system_nrf52.o
 .comment       0x0000000000000075       0x76 _build/softdevice_handler.o

.debug_frame    0x0000000000000000       0xe8
 .debug_frame   0x0000000000000000       0x28 /Users/sebastianene/Downloads/toolchain/gcc-arm-none-eabi-8-2018-q4-major/bin/../lib/gcc/arm-none-eabi/8.2.1/../../../../arm-none-eabi/lib/thumb/v7e-m+fp/hard/libc_nano.a(lib_a-exit.o)
 .debug_frame   0x0000000000000028       0x2c /Users/sebastianene/Downloads/toolchain/gcc-arm-none-eabi-8-2018-q4-major/bin/../lib/gcc/arm-none-eabi/8.2.1/../../../../arm-none-eabi/lib/thumb/v7e-m+fp/hard/libc_nano.a(lib_a-init.o)
 .debug_frame   0x0000000000000054       0x20 /Users/sebastianene/Downloads/toolchain/gcc-arm-none-eabi-8-2018-q4-major/bin/../lib/gcc/arm-none-eabi/8.2.1/../../../../arm-none-eabi/lib/thumb/v7e-m+fp/hard/libc_nano.a(lib_a-memset.o)
 .debug_frame   0x0000000000000074       0x20 /Users/sebastianene/Downloads/toolchain/gcc-arm-none-eabi-8-2018-q4-major/bin/../lib/gcc/arm-none-eabi/8.2.1/../../../../arm-none-eabi/lib/thumb/v7e-m+fp/hard/libnosys.a(_exit.o)
 .debug_frame   0x0000000000000094       0x2c /Users/sebastianene/Downloads/toolchain/gcc-arm-none-eabi-8-2018-q4-major/bin/../lib/gcc/arm-none-eabi/8.2.1/../../../../arm-none-eabi/lib/thumb/v7e-m+fp/hard/libc_nano.a(lib_a-memcmp.o)
 .debug_frame   0x00000000000000c0       0x28 /Users/sebastianene/Downloads/toolchain/gcc-arm-none-eabi-8-2018-q4-major/bin/../lib/gcc/arm-none-eabi/8.2.1/../../../../arm-none-eabi/lib/thumb/v7e-m+fp/hard/libc_nano.a(lib_a-memcpy-stub.o)
